-- The C compiler identification is GNU 11.4.0
-- The CXX compiler identification is GNU 11.4.0
-- Detecting C compiler ABI info
-- Detecting C compiler ABI info - done
-- Check for working C compiler: /usr/bin/cc - skipped
-- Detecting C compile features
-- Detecting C compile features - done
-- Detecting CXX compiler ABI info
-- Detecting CXX compiler ABI info - done
-- Check for working CXX compiler: /usr/bin/c++ - skipped
-- Detecting CXX compile features
-- Detecting CXX compile features - done
-- Found ament_cmake: 1.3.14 (/opt/ros/humble/share/ament_cmake/cmake)
-- Found Python3: /usr/bin/python3 (found version "3.10.12") found components: Interpreter 
-- Found xacro: 2.1.1 (/opt/ros/humble/share/xacro/cmake)
-- Found rclpy: 3.3.21 (/opt/ros/humble/share/rclpy/cmake)
-- Found ament_lint_auto: 0.12.15 (/opt/ros/humble/share/ament_lint_auto/cmake)
-- Added test 'copyright' to check source files copyright and LICENSE
-- Added test 'flake8' to check Python code syntax and style conventions
-- Added test 'lint_cmake' to check CMake code style
-- Added test 'pep257' to check Python code against some of the docstring style conventions in PEP 257
-- Added test 'xmllint' to check XML markup files
-- Configuring done
-- Generating done
-- Build files have been written to: /media/sf_CRATER/Simulation02.04/build/crater_local_planner
gmake: Warning: File 'Makefile' has modification time 0.87 s in the future
gmake[1]: Warning: File 'CMakeFiles/Makefile2' has modification time 0.84 s in the future
gmake[1]: warning:  Clock skew detected.  Your build may be incomplete.
gmake: warning:  Clock skew detected.  Your build may be incomplete.
-- Install configuration: ""
-- Installing: /media/sf_CRATER/Simulation02.04/install/crater_local_planner/share/crater_local_planner/scripts
-- Installing: /media/sf_CRATER/Simulation02.04/install/crater_local_planner/share/crater_local_planner/scripts/global_path_bridge.py
-- Installing: /media/sf_CRATER/Simulation02.04/install/crater_local_planner/share/crater_local_planner/scripts/__init__.py
-- Installing: /media/sf_CRATER/Simulation02.04/install/crater_local_planner/share/crater_local_planner/launch
-- Installing: /media/sf_CRATER/Simulation02.04/install/crater_local_planner/share/crater_local_planner/launch/complete_navigation.launch.py
-- Installing: /media/sf_CRATER/Simulation02.04/install/crater_local_planner/share/crater_local_planner/launch/display.launch.py
-- Installing: /media/sf_CRATER/Simulation02.04/install/crater_local_planner/share/crater_local_planner/config
-- Installing: /media/sf_CRATER/Simulation02.04/install/crater_local_planner/share/crater_local_planner/config/nav2_params.yaml
-- Installing: /media/sf_CRATER/Simulation02.04/install/crater_local_planner/lib/crater_local_planner/global_path_bridge
-- Installing: /media/sf_CRATER/Simulation02.04/install/crater_local_planner/share/ament_index/resource_index/package_run_dependencies/crater_local_planner
-- Installing: /media/sf_CRATER/Simulation02.04/install/crater_local_planner/share/ament_index/resource_index/parent_prefix_path/crater_local_planner
-- Installing: /media/sf_CRATER/Simulation02.04/install/crater_local_planner/share/crater_local_planner/environment/ament_prefix_path.sh
-- Installing: /media/sf_CRATER/Simulation02.04/install/crater_local_planner/share/crater_local_planner/environment/ament_prefix_path.dsv
-- Installing: /media/sf_CRATER/Simulation02.04/install/crater_local_planner/share/crater_local_planner/environment/path.sh
-- Installing: /media/sf_CRATER/Simulation02.04/install/crater_local_planner/share/crater_local_planner/environment/path.dsv
-- Installing: /media/sf_CRATER/Simulation02.04/install/crater_local_planner/share/crater_local_planner/local_setup.bash
-- Installing: /media/sf_CRATER/Simulation02.04/install/crater_local_planner/share/crater_local_planner/local_setup.sh
-- Installing: /media/sf_CRATER/Simulation02.04/install/crater_local_planner/share/crater_local_planner/local_setup.zsh
-- Installing: /media/sf_CRATER/Simulation02.04/install/crater_local_planner/share/crater_local_planner/local_setup.dsv
-- Installing: /media/sf_CRATER/Simulation02.04/install/crater_local_planner/share/crater_local_planner/package.dsv
-- Installing: /media/sf_CRATER/Simulation02.04/install/crater_local_planner/share/ament_index/resource_index/packages/crater_local_planner
-- Installing: /media/sf_CRATER/Simulation02.04/install/crater_local_planner/share/crater_local_planner/cmake/crater_local_plannerConfig.cmake
-- Installing: /media/sf_CRATER/Simulation02.04/install/crater_local_planner/share/crater_local_planner/cmake/crater_local_plannerConfig-version.cmake
-- Installing: /media/sf_CRATER/Simulation02.04/install/crater_local_planner/share/crater_local_planner/package.xml
