-- Install configuration: ""
-- Up-to-date: /media/sf_CRATER/Simulation02.04/install/crater_application/lib/crater_application/path_from_csv_node.py
-- Up-to-date: /media/sf_CRATER/Simulation02.04/install/crater_application/lib/crater_application/path_follower_node.py
-- Up-to-date: /media/sf_CRATER/Simulation02.04/install/crater_application/lib/crater_application/twist_to_wheels_node.py
-- Up-to-date: /media/sf_CRATER/Simulation02.04/install/crater_application/lib/crater_application/wheels_cmd_demux_node.py
-- Up-to-date: /media/sf_CRATER/Simulation02.04/install/crater_application/share/crater_application/config
-- Up-to-date: /media/sf_CRATER/Simulation02.04/install/crater_application/share/crater_application/config/global_path_world.csv
-- Up-to-date: /media/sf_CRATER/Simulation02.04/install/crater_application/share/ament_index/resource_index/package_run_dependencies/crater_application
-- Up-to-date: /media/sf_CRATER/Simulation02.04/install/crater_application/share/ament_index/resource_index/parent_prefix_path/crater_application
-- Up-to-date: /media/sf_CRATER/Simulation02.04/install/crater_application/share/crater_application/environment/ament_prefix_path.sh
-- Up-to-date: /media/sf_CRATER/Simulation02.04/install/crater_application/share/crater_application/environment/ament_prefix_path.dsv
-- Up-to-date: /media/sf_CRATER/Simulation02.04/install/crater_application/share/crater_application/environment/path.sh
-- Up-to-date: /media/sf_CRATER/Simulation02.04/install/crater_application/share/crater_application/environment/path.dsv
-- Up-to-date: /media/sf_CRATER/Simulation02.04/install/crater_application/share/crater_application/local_setup.bash
-- Up-to-date: /media/sf_CRATER/Simulation02.04/install/crater_application/share/crater_application/local_setup.sh
-- Up-to-date: /media/sf_CRATER/Simulation02.04/install/crater_application/share/crater_application/local_setup.zsh
-- Up-to-date: /media/sf_CRATER/Simulation02.04/install/crater_application/share/crater_application/local_setup.dsv
-- Installing: /media/sf_CRATER/Simulation02.04/install/crater_application/share/crater_application/package.dsv
-- Up-to-date: /media/sf_CRATER/Simulation02.04/install/crater_application/share/ament_index/resource_index/packages/crater_application
-- Up-to-date: /media/sf_CRATER/Simulation02.04/install/crater_application/share/crater_application/cmake/crater_applicationConfig.cmake
-- Up-to-date: /media/sf_CRATER/Simulation02.04/install/crater_application/share/crater_application/cmake/crater_applicationConfig-version.cmake
-- Up-to-date: /media/sf_CRATER/Simulation02.04/install/crater_application/share/crater_application/package.xml
