[0.181s] Invoking command in '/media/sf_CRATER/Simulation02.04/build/crater_global_planner': CMAKE_PREFIX_PATH=/opt/ros/humble /usr/bin/cmake /media/sf_CRATER/Simulation02.04/autonomous-controls/src/crater_gazebo/crater_global_planner -DCMAKE_INSTALL_PREFIX=/media/sf_CRATER/Simulation02.04/install/crater_global_planner
[0.981s] -- The C compiler identification is GNU 11.4.0
[3.127s] -- The CXX compiler identification is GNU 11.4.0
[3.237s] -- Detecting C compiler ABI info
[5.528s] -- Detecting C compiler ABI info - done
[5.763s] -- Check for working C compiler: /usr/bin/cc - skipped
[5.773s] -- Detecting C compile features
[5.784s] -- Detecting C compile features - done
[5.937s] -- Detecting CXX compiler ABI info
[7.594s] -- Detecting CXX compiler ABI info - done
[7.728s] -- Check for working CXX compiler: /usr/bin/c++ - skipped
[7.740s] -- Detecting CXX compile features
[7.749s] -- Detecting CXX compile features - done
[7.761s] -- Found ament_cmake: 1.3.14 (/opt/ros/humble/share/ament_cmake/cmake)
[8.504s] -- Found Python3: /usr/bin/python3 (found version "3.10.12") found components: Interpreter 
[9.720s] -- Configuring done
[10.346s] -- Generating done
[11.484s] -- Build files have been written to: /media/sf_CRATER/Simulation02.04/build/crater_global_planner
[11.497s] Invoked command in '/media/sf_CRATER/Simulation02.04/build/crater_global_planner' returned '0': CMAKE_PREFIX_PATH=/opt/ros/humble /usr/bin/cmake /media/sf_CRATER/Simulation02.04/autonomous-controls/src/crater_gazebo/crater_global_planner -DCMAKE_INSTALL_PREFIX=/media/sf_CRATER/Simulation02.04/install/crater_global_planner
[11.520s] Invoking command in '/media/sf_CRATER/Simulation02.04/build/crater_global_planner': CMAKE_PREFIX_PATH=/opt/ros/humble /usr/bin/cmake --build /media/sf_CRATER/Simulation02.04/build/crater_global_planner -- -j16 -l16
[11.856s] gmake: Warning: File 'Makefile' has modification time 0.21 s in the future
[12.026s] gmake[1]: Warning: File 'CMakeFiles/Makefile2' has modification time 0.15 s in the future
[12.037s] gmake[1]: warning:  Clock skew detected.  Your build may be incomplete.
[12.059s] gmake: warning:  Clock skew detected.  Your build may be incomplete.
[12.064s] Invoked command in '/media/sf_CRATER/Simulation02.04/build/crater_global_planner' returned '0': CMAKE_PREFIX_PATH=/opt/ros/humble /usr/bin/cmake --build /media/sf_CRATER/Simulation02.04/build/crater_global_planner -- -j16 -l16
[12.152s] Invoking command in '/media/sf_CRATER/Simulation02.04/build/crater_global_planner': CMAKE_PREFIX_PATH=/opt/ros/humble /usr/bin/cmake --install /media/sf_CRATER/Simulation02.04/build/crater_global_planner
[12.238s] -- Install configuration: ""
[12.294s] -- Installing: /media/sf_CRATER/Simulation02.04/install/crater_global_planner/lib/crater_global_planner/planner_core.py
[12.611s] -- Installing: /media/sf_CRATER/Simulation02.04/install/crater_global_planner/lib/crater_global_planner/global_planner_node.py
[12.652s] -- Installing: /media/sf_CRATER/Simulation02.04/install/crater_global_planner/share/crater_global_planner/config
[12.670s] -- Installing: /media/sf_CRATER/Simulation02.04/install/crater_global_planner/share/crater_global_planner/config/planner_config.json
[12.704s] -- Installing: /media/sf_CRATER/Simulation02.04/install/crater_global_planner/share/ament_index/resource_index/package_run_dependencies/crater_global_planner
[12.747s] -- Installing: /media/sf_CRATER/Simulation02.04/install/crater_global_planner/share/ament_index/resource_index/parent_prefix_path/crater_global_planner
[12.787s] -- Installing: /media/sf_CRATER/Simulation02.04/install/crater_global_planner/share/crater_global_planner/environment/ament_prefix_path.sh
[12.840s] -- Installing: /media/sf_CRATER/Simulation02.04/install/crater_global_planner/share/crater_global_planner/environment/ament_prefix_path.dsv
[12.885s] -- Installing: /media/sf_CRATER/Simulation02.04/install/crater_global_planner/share/crater_global_planner/environment/path.sh
[12.996s] -- Installing: /media/sf_CRATER/Simulation02.04/install/crater_global_planner/share/crater_global_planner/environment/path.dsv
[13.045s] -- Installing: /media/sf_CRATER/Simulation02.04/install/crater_global_planner/share/crater_global_planner/local_setup.bash
[13.125s] -- Installing: /media/sf_CRATER/Simulation02.04/install/crater_global_planner/share/crater_global_planner/local_setup.sh
[13.727s] -- Installing: /media/sf_CRATER/Simulation02.04/install/crater_global_planner/share/crater_global_planner/local_setup.zsh
[13.770s] -- Installing: /media/sf_CRATER/Simulation02.04/install/crater_global_planner/share/crater_global_planner/local_setup.dsv
[14.061s] -- Installing: /media/sf_CRATER/Simulation02.04/install/crater_global_planner/share/crater_global_planner/package.dsv
[14.154s] -- Installing: /media/sf_CRATER/Simulation02.04/install/crater_global_planner/share/ament_index/resource_index/packages/crater_global_planner
[14.194s] -- Installing: /media/sf_CRATER/Simulation02.04/install/crater_global_planner/share/crater_global_planner/cmake/crater_global_plannerConfig.cmake
[14.230s] -- Installing: /media/sf_CRATER/Simulation02.04/install/crater_global_planner/share/crater_global_planner/cmake/crater_global_plannerConfig-version.cmake
[14.283s] -- Installing: /media/sf_CRATER/Simulation02.04/install/crater_global_planner/share/crater_global_planner/package.xml
[14.896s] Invoked command in '/media/sf_CRATER/Simulation02.04/build/crater_global_planner' returned '0': CMAKE_PREFIX_PATH=/opt/ros/humble /usr/bin/cmake --install /media/sf_CRATER/Simulation02.04/build/crater_global_planner
