[35m[1mConsolidate compiler generated dependencies of target BasicSystem[0m
[35m[1mConsolidate compiler generated dependencies of target FullSystem[0m
[ 50%] Built target BasicSystem
[100%] Built target FullSystem
-- Install configuration: ""
-- Up-to-date: /media/sf_CRATER/Simulation02.04/install/crater_simulator/lib/crater_simulator/libBasicSystem.so
-- Up-to-date: /media/sf_CRATER/Simulation02.04/install/crater_simulator/lib/crater_simulator/libFullSystem.so
-- Up-to-date: /media/sf_CRATER/Simulation02.04/install/crater_simulator/share/crater_simulator/worlds
-- Up-to-date: /media/sf_CRATER/Simulation02.04/install/crater_simulator/share/crater_simulator/worlds/marsyard.sdf
-- Up-to-date: /media/sf_CRATER/Simulation02.04/install/crater_simulator/share/crater_simulator/environment/crater_simulator.dsv
-- Up-to-date: /media/sf_CRATER/Simulation02.04/install/crater_simulator/share/crater_simulator/environment/crater_simulator.sh
-- Up-to-date: /media/sf_CRATER/Simulation02.04/install/crater_simulator/share/ament_index/resource_index/package_run_dependencies/crater_simulator
-- Up-to-date: /media/sf_CRATER/Simulation02.04/install/crater_simulator/share/ament_index/resource_index/parent_prefix_path/crater_simulator
-- Up-to-date: /media/sf_CRATER/Simulation02.04/install/crater_simulator/share/crater_simulator/environment/ament_prefix_path.sh
-- Up-to-date: /media/sf_CRATER/Simulation02.04/install/crater_simulator/share/crater_simulator/environment/ament_prefix_path.dsv
-- Up-to-date: /media/sf_CRATER/Simulation02.04/install/crater_simulator/share/crater_simulator/environment/path.sh
-- Up-to-date: /media/sf_CRATER/Simulation02.04/install/crater_simulator/share/crater_simulator/environment/path.dsv
-- Up-to-date: /media/sf_CRATER/Simulation02.04/install/crater_simulator/share/crater_simulator/local_setup.bash
-- Up-to-date: /media/sf_CRATER/Simulation02.04/install/crater_simulator/share/crater_simulator/local_setup.sh
-- Up-to-date: /media/sf_CRATER/Simulation02.04/install/crater_simulator/share/crater_simulator/local_setup.zsh
-- Up-to-date: /media/sf_CRATER/Simulation02.04/install/crater_simulator/share/crater_simulator/local_setup.dsv
-- Installing: /media/sf_CRATER/Simulation02.04/install/crater_simulator/share/crater_simulator/package.dsv
-- Up-to-date: /media/sf_CRATER/Simulation02.04/install/crater_simulator/share/ament_index/resource_index/packages/crater_simulator
-- Up-to-date: /media/sf_CRATER/Simulation02.04/install/crater_simulator/share/crater_simulator/cmake/crater_simulatorConfig.cmake
-- Up-to-date: /media/sf_CRATER/Simulation02.04/install/crater_simulator/share/crater_simulator/cmake/crater_simulatorConfig-version.cmake
-- Up-to-date: /media/sf_CRATER/Simulation02.04/install/crater_simulator/share/crater_simulator/package.xml
