[0.673s] Invoking command in '/media/sf_CRATER/Simulation02.04/build/crater_simulator': CMAKE_PREFIX_PATH=/media/sf_CRATER/Simulation02.04/install/crater_description:/media/sf_CRATER/Simulation02.04/install/state_estimation:/media/sf_CRATER/Simulation02.04/install/global-planner:/media/sf_CRATER/Simulation02.04/install/crater_bringup:/media/sf_CRATER/Simulation02.04/install/crater_simulator:/media/sf_CRATER/Simulation02.04/install/crater_local_planner:/media/sf_CRATER/Simulation02.04/install/crater_global_planner:/media/sf_CRATER/Simulation02.04/install/crater_application:/media/sf_CRATER/Simulation02.04/install/crater_aruco:/opt/ros/humble GZ_SIM_RESOURCE_PATH=/media/sf_CRATER/Simulation02.04/install/crater_description/share/crater_description/models:${GZ_SIM_RESOURCE_PATH} /usr/bin/cmake --build /media/sf_CRATER/Simulation02.04/build/crater_simulator -- -j16 -l16
[0.896s] [35m[1mConsolidate compiler generated dependencies of target BasicSystem[0m
[0.904s] [35m[1mConsolidate compiler generated dependencies of target FullSystem[0m
[1.293s] gmake[2]: Warning: File 'CMakeFiles/BasicSystem.dir/compiler_depend.make' has modification time 0.98 s in the future
[1.301s] gmake[2]: warning:  Clock skew detected.  Your build may be incomplete.
[1.337s] [ 50%] Built target BasicSystem
[1.343s] gmake[2]: Warning: File 'CMakeFiles/FullSystem.dir/compiler_depend.make' has modification time 0.95 s in the future
[1.347s] gmake[2]: warning:  Clock skew detected.  Your build may be incomplete.
[1.361s] [100%] Built target FullSystem
[1.380s] Invoked command in '/media/sf_CRATER/Simulation02.04/build/crater_simulator' returned '0': CMAKE_PREFIX_PATH=/media/sf_CRATER/Simulation02.04/install/crater_description:/media/sf_CRATER/Simulation02.04/install/state_estimation:/media/sf_CRATER/Simulation02.04/install/global-planner:/media/sf_CRATER/Simulation02.04/install/crater_bringup:/media/sf_CRATER/Simulation02.04/install/crater_simulator:/media/sf_CRATER/Simulation02.04/install/crater_local_planner:/media/sf_CRATER/Simulation02.04/install/crater_global_planner:/media/sf_CRATER/Simulation02.04/install/crater_application:/media/sf_CRATER/Simulation02.04/install/crater_aruco:/opt/ros/humble GZ_SIM_RESOURCE_PATH=/media/sf_CRATER/Simulation02.04/install/crater_description/share/crater_description/models:${GZ_SIM_RESOURCE_PATH} /usr/bin/cmake --build /media/sf_CRATER/Simulation02.04/build/crater_simulator -- -j16 -l16
[1.402s] Invoking command in '/media/sf_CRATER/Simulation02.04/build/crater_simulator': CMAKE_PREFIX_PATH=/media/sf_CRATER/Simulation02.04/install/crater_description:/media/sf_CRATER/Simulation02.04/install/state_estimation:/media/sf_CRATER/Simulation02.04/install/global-planner:/media/sf_CRATER/Simulation02.04/install/crater_bringup:/media/sf_CRATER/Simulation02.04/install/crater_simulator:/media/sf_CRATER/Simulation02.04/install/crater_local_planner:/media/sf_CRATER/Simulation02.04/install/crater_global_planner:/media/sf_CRATER/Simulation02.04/install/crater_application:/media/sf_CRATER/Simulation02.04/install/crater_aruco:/opt/ros/humble GZ_SIM_RESOURCE_PATH=/media/sf_CRATER/Simulation02.04/install/crater_description/share/crater_description/models:${GZ_SIM_RESOURCE_PATH} /usr/bin/cmake --install /media/sf_CRATER/Simulation02.04/build/crater_simulator
[1.419s] -- Install configuration: ""
[1.459s] -- Up-to-date: /media/sf_CRATER/Simulation02.04/install/crater_simulator/lib/crater_simulator/libBasicSystem.so
[1.492s] -- Up-to-date: /media/sf_CRATER/Simulation02.04/install/crater_simulator/lib/crater_simulator/libFullSystem.so
[1.496s] -- Up-to-date: /media/sf_CRATER/Simulation02.04/install/crater_simulator/share/crater_simulator/worlds
[1.499s] -- Up-to-date: /media/sf_CRATER/Simulation02.04/install/crater_simulator/share/crater_simulator/worlds/marsyard.sdf
[1.501s] -- Up-to-date: /media/sf_CRATER/Simulation02.04/install/crater_simulator/share/crater_simulator/environment/crater_simulator.dsv
[1.502s] -- Up-to-date: /media/sf_CRATER/Simulation02.04/install/crater_simulator/share/crater_simulator/environment/crater_simulator.sh
[1.507s] -- Up-to-date: /media/sf_CRATER/Simulation02.04/install/crater_simulator/share/ament_index/resource_index/package_run_dependencies/crater_simulator
[1.509s] -- Up-to-date: /media/sf_CRATER/Simulation02.04/install/crater_simulator/share/ament_index/resource_index/parent_prefix_path/crater_simulator
[1.510s] -- Up-to-date: /media/sf_CRATER/Simulation02.04/install/crater_simulator/share/crater_simulator/environment/ament_prefix_path.sh
[1.512s] -- Up-to-date: /media/sf_CRATER/Simulation02.04/install/crater_simulator/share/crater_simulator/environment/ament_prefix_path.dsv
[1.513s] -- Up-to-date: /media/sf_CRATER/Simulation02.04/install/crater_simulator/share/crater_simulator/environment/path.sh
[1.515s] -- Up-to-date: /media/sf_CRATER/Simulation02.04/install/crater_simulator/share/crater_simulator/environment/path.dsv
[1.517s] -- Up-to-date: /media/sf_CRATER/Simulation02.04/install/crater_simulator/share/crater_simulator/local_setup.bash
[1.518s] -- Up-to-date: /media/sf_CRATER/Simulation02.04/install/crater_simulator/share/crater_simulator/local_setup.sh
[1.520s] -- Up-to-date: /media/sf_CRATER/Simulation02.04/install/crater_simulator/share/crater_simulator/local_setup.zsh
[1.522s] -- Up-to-date: /media/sf_CRATER/Simulation02.04/install/crater_simulator/share/crater_simulator/local_setup.dsv
[1.530s] -- Installing: /media/sf_CRATER/Simulation02.04/install/crater_simulator/share/crater_simulator/package.dsv
[1.539s] -- Up-to-date: /media/sf_CRATER/Simulation02.04/install/crater_simulator/share/ament_index/resource_index/packages/crater_simulator
[1.541s] -- Up-to-date: /media/sf_CRATER/Simulation02.04/install/crater_simulator/share/crater_simulator/cmake/crater_simulatorConfig.cmake
[1.543s] -- Up-to-date: /media/sf_CRATER/Simulation02.04/install/crater_simulator/share/crater_simulator/cmake/crater_simulatorConfig-version.cmake
[1.544s] -- Up-to-date: /media/sf_CRATER/Simulation02.04/install/crater_simulator/share/crater_simulator/package.xml
[1.550s] Invoked command in '/media/sf_CRATER/Simulation02.04/build/crater_simulator' returned '0': CMAKE_PREFIX_PATH=/media/sf_CRATER/Simulation02.04/install/crater_description:/media/sf_CRATER/Simulation02.04/install/state_estimation:/media/sf_CRATER/Simulation02.04/install/global-planner:/media/sf_CRATER/Simulation02.04/install/crater_bringup:/media/sf_CRATER/Simulation02.04/install/crater_simulator:/media/sf_CRATER/Simulation02.04/install/crater_local_planner:/media/sf_CRATER/Simulation02.04/install/crater_global_planner:/media/sf_CRATER/Simulation02.04/install/crater_application:/media/sf_CRATER/Simulation02.04/install/crater_aruco:/opt/ros/humble GZ_SIM_RESOURCE_PATH=/media/sf_CRATER/Simulation02.04/install/crater_description/share/crater_description/models:${GZ_SIM_RESOURCE_PATH} /usr/bin/cmake --install /media/sf_CRATER/Simulation02.04/build/crater_simulator
