-- Install configuration: ""
-- Up-to-date: /media/sf_CRATER/Simulation02.04/install/crater_local_planner/share/crater_local_planner/scripts
-- Up-to-date: /media/sf_CRATER/Simulation02.04/install/crater_local_planner/share/crater_local_planner/scripts/global_path_bridge.py
-- Up-to-date: /media/sf_CRATER/Simulation02.04/install/crater_local_planner/share/crater_local_planner/scripts/__init__.py
-- Up-to-date: /media/sf_CRATER/Simulation02.04/install/crater_local_planner/share/crater_local_planner/launch
-- Up-to-date: /media/sf_CRATER/Simulation02.04/install/crater_local_planner/share/crater_local_planner/launch/complete_navigation.launch.py
-- Up-to-date: /media/sf_CRATER/Simulation02.04/install/crater_local_planner/share/crater_local_planner/launch/display.launch.py
-- Up-to-date: /media/sf_CRATER/Simulation02.04/install/crater_local_planner/share/crater_local_planner/config
-- Up-to-date: /media/sf_CRATER/Simulation02.04/install/crater_local_planner/share/crater_local_planner/config/nav2_params.yaml
-- Up-to-date: /media/sf_CRATER/Simulation02.04/install/crater_local_planner/lib/crater_local_planner/global_path_bridge
-- Up-to-date: /media/sf_CRATER/Simulation02.04/install/crater_local_planner/share/ament_index/resource_index/package_run_dependencies/crater_local_planner
-- Up-to-date: /media/sf_CRATER/Simulation02.04/install/crater_local_planner/share/ament_index/resource_index/parent_prefix_path/crater_local_planner
-- Up-to-date: /media/sf_CRATER/Simulation02.04/install/crater_local_planner/share/crater_local_planner/environment/ament_prefix_path.sh
-- Up-to-date: /media/sf_CRATER/Simulation02.04/install/crater_local_planner/share/crater_local_planner/environment/ament_prefix_path.dsv
-- Up-to-date: /media/sf_CRATER/Simulation02.04/install/crater_local_planner/share/crater_local_planner/environment/path.sh
-- Up-to-date: /media/sf_CRATER/Simulation02.04/install/crater_local_planner/share/crater_local_planner/environment/path.dsv
-- Up-to-date: /media/sf_CRATER/Simulation02.04/install/crater_local_planner/share/crater_local_planner/local_setup.bash
-- Up-to-date: /media/sf_CRATER/Simulation02.04/install/crater_local_planner/share/crater_local_planner/local_setup.sh
-- Up-to-date: /media/sf_CRATER/Simulation02.04/install/crater_local_planner/share/crater_local_planner/local_setup.zsh
-- Up-to-date: /media/sf_CRATER/Simulation02.04/install/crater_local_planner/share/crater_local_planner/local_setup.dsv
-- Installing: /media/sf_CRATER/Simulation02.04/install/crater_local_planner/share/crater_local_planner/package.dsv
-- Up-to-date: /media/sf_CRATER/Simulation02.04/install/crater_local_planner/share/ament_index/resource_index/packages/crater_local_planner
-- Up-to-date: /media/sf_CRATER/Simulation02.04/install/crater_local_planner/share/crater_local_planner/cmake/crater_local_plannerConfig.cmake
-- Up-to-date: /media/sf_CRATER/Simulation02.04/install/crater_local_planner/share/crater_local_planner/cmake/crater_local_plannerConfig-version.cmake
-- Up-to-date: /media/sf_CRATER/Simulation02.04/install/crater_local_planner/share/crater_local_planner/package.xml
