[0.563s] Invoking command in '/media/sf_CRATER/Simulation02.04/build/crater_local_planner': CMAKE_PREFIX_PATH=${CMAKE_PREFIX_PATH}:/media/sf_CRATER/Simulation02.04/install/crater_aruco:/opt/ros/humble /usr/bin/cmake --build /media/sf_CRATER/Simulation02.04/build/crater_local_planner -- -j16 -l16
[1.082s] Invoked command in '/media/sf_CRATER/Simulation02.04/build/crater_local_planner' returned '0': CMAKE_PREFIX_PATH=${CMAKE_PREFIX_PATH}:/media/sf_CRATER/Simulation02.04/install/crater_aruco:/opt/ros/humble /usr/bin/cmake --build /media/sf_CRATER/Simulation02.04/build/crater_local_planner -- -j16 -l16
[1.105s] Invoking command in '/media/sf_CRATER/Simulation02.04/build/crater_local_planner': CMAKE_PREFIX_PATH=${CMAKE_PREFIX_PATH}:/media/sf_CRATER/Simulation02.04/install/crater_aruco:/opt/ros/humble /usr/bin/cmake --install /media/sf_CRATER/Simulation02.04/build/crater_local_planner
[1.122s] -- Install configuration: ""
[1.123s] -- Up-to-date: /media/sf_CRATER/Simulation02.04/install/crater_local_planner/share/crater_local_planner/scripts
[1.125s] -- Up-to-date: /media/sf_CRATER/Simulation02.04/install/crater_local_planner/share/crater_local_planner/scripts/global_path_bridge.py
[1.126s] -- Up-to-date: /media/sf_CRATER/Simulation02.04/install/crater_local_planner/share/crater_local_planner/scripts/__init__.py
[1.128s] -- Up-to-date: /media/sf_CRATER/Simulation02.04/install/crater_local_planner/share/crater_local_planner/launch
[1.129s] -- Up-to-date: /media/sf_CRATER/Simulation02.04/install/crater_local_planner/share/crater_local_planner/launch/complete_navigation.launch.py
[1.131s] -- Up-to-date: /media/sf_CRATER/Simulation02.04/install/crater_local_planner/share/crater_local_planner/launch/display.launch.py
[1.132s] -- Up-to-date: /media/sf_CRATER/Simulation02.04/install/crater_local_planner/share/crater_local_planner/config
[1.134s] -- Up-to-date: /media/sf_CRATER/Simulation02.04/install/crater_local_planner/share/crater_local_planner/config/nav2_params.yaml
[1.135s] -- Up-to-date: /media/sf_CRATER/Simulation02.04/install/crater_local_planner/lib/crater_local_planner/global_path_bridge
[1.137s] -- Up-to-date: /media/sf_CRATER/Simulation02.04/install/crater_local_planner/share/ament_index/resource_index/package_run_dependencies/crater_local_planner
[1.138s] -- Up-to-date: /media/sf_CRATER/Simulation02.04/install/crater_local_planner/share/ament_index/resource_index/parent_prefix_path/crater_local_planner
[1.139s] -- Up-to-date: /media/sf_CRATER/Simulation02.04/install/crater_local_planner/share/crater_local_planner/environment/ament_prefix_path.sh
[1.141s] -- Up-to-date: /media/sf_CRATER/Simulation02.04/install/crater_local_planner/share/crater_local_planner/environment/ament_prefix_path.dsv
[1.143s] -- Up-to-date: /media/sf_CRATER/Simulation02.04/install/crater_local_planner/share/crater_local_planner/environment/path.sh
[1.145s] -- Up-to-date: /media/sf_CRATER/Simulation02.04/install/crater_local_planner/share/crater_local_planner/environment/path.dsv
[1.146s] -- Up-to-date: /media/sf_CRATER/Simulation02.04/install/crater_local_planner/share/crater_local_planner/local_setup.bash
[1.150s] -- Up-to-date: /media/sf_CRATER/Simulation02.04/install/crater_local_planner/share/crater_local_planner/local_setup.sh
[1.151s] -- Up-to-date: /media/sf_CRATER/Simulation02.04/install/crater_local_planner/share/crater_local_planner/local_setup.zsh
[1.152s] -- Up-to-date: /media/sf_CRATER/Simulation02.04/install/crater_local_planner/share/crater_local_planner/local_setup.dsv
[1.154s] -- Installing: /media/sf_CRATER/Simulation02.04/install/crater_local_planner/share/crater_local_planner/package.dsv
[1.156s] -- Up-to-date: /media/sf_CRATER/Simulation02.04/install/crater_local_planner/share/ament_index/resource_index/packages/crater_local_planner
[1.156s] -- Up-to-date: /media/sf_CRATER/Simulation02.04/install/crater_local_planner/share/crater_local_planner/cmake/crater_local_plannerConfig.cmake
[1.157s] -- Up-to-date: /media/sf_CRATER/Simulation02.04/install/crater_local_planner/share/crater_local_planner/cmake/crater_local_plannerConfig-version.cmake
[1.158s] -- Up-to-date: /media/sf_CRATER/Simulation02.04/install/crater_local_planner/share/crater_local_planner/package.xml
[1.569s] Invoked command in '/media/sf_CRATER/Simulation02.04/build/crater_local_planner' returned '0': CMAKE_PREFIX_PATH=${CMAKE_PREFIX_PATH}:/media/sf_CRATER/Simulation02.04/install/crater_aruco:/opt/ros/humble /usr/bin/cmake --install /media/sf_CRATER/Simulation02.04/build/crater_local_planner
