-- Install configuration: ""
-- Up-to-date: /media/sf_CRATER/Simulation02.04/install/crater_global_planner/lib/crater_global_planner/planner_core.py
-- Up-to-date: /media/sf_CRATER/Simulation02.04/install/crater_global_planner/lib/crater_global_planner/global_planner_node.py
-- Up-to-date: /media/sf_CRATER/Simulation02.04/install/crater_global_planner/share/crater_global_planner/config
-- Up-to-date: /media/sf_CRATER/Simulation02.04/install/crater_global_planner/share/crater_global_planner/config/planner_config.json
-- Up-to-date: /media/sf_CRATER/Simulation02.04/install/crater_global_planner/share/ament_index/resource_index/package_run_dependencies/crater_global_planner
-- Up-to-date: /media/sf_CRATER/Simulation02.04/install/crater_global_planner/share/ament_index/resource_index/parent_prefix_path/crater_global_planner
-- Up-to-date: /media/sf_CRATER/Simulation02.04/install/crater_global_planner/share/crater_global_planner/environment/ament_prefix_path.sh
-- Up-to-date: /media/sf_CRATER/Simulation02.04/install/crater_global_planner/share/crater_global_planner/environment/ament_prefix_path.dsv
-- Up-to-date: /media/sf_CRATER/Simulation02.04/install/crater_global_planner/share/crater_global_planner/environment/path.sh
-- Up-to-date: /media/sf_CRATER/Simulation02.04/install/crater_global_planner/share/crater_global_planner/environment/path.dsv
-- Up-to-date: /media/sf_CRATER/Simulation02.04/install/crater_global_planner/share/crater_global_planner/local_setup.bash
-- Up-to-date: /media/sf_CRATER/Simulation02.04/install/crater_global_planner/share/crater_global_planner/local_setup.sh
-- Up-to-date: /media/sf_CRATER/Simulation02.04/install/crater_global_planner/share/crater_global_planner/local_setup.zsh
-- Up-to-date: /media/sf_CRATER/Simulation02.04/install/crater_global_planner/share/crater_global_planner/local_setup.dsv
-- Installing: /media/sf_CRATER/Simulation02.04/install/crater_global_planner/share/crater_global_planner/package.dsv
-- Up-to-date: /media/sf_CRATER/Simulation02.04/install/crater_global_planner/share/ament_index/resource_index/packages/crater_global_planner
-- Up-to-date: /media/sf_CRATER/Simulation02.04/install/crater_global_planner/share/crater_global_planner/cmake/crater_global_plannerConfig.cmake
-- Up-to-date: /media/sf_CRATER/Simulation02.04/install/crater_global_planner/share/crater_global_planner/cmake/crater_global_plannerConfig-version.cmake
-- Up-to-date: /media/sf_CRATER/Simulation02.04/install/crater_global_planner/share/crater_global_planner/package.xml
