[0.346s] Invoking command in '/media/sf_CRATER/Simulation02.04/build/crater_global_planner': CMAKE_PREFIX_PATH=${CMAKE_PREFIX_PATH}:/media/sf_CRATER/Simulation02.04/install/crater_aruco:/opt/ros/humble /usr/bin/cmake --build /media/sf_CRATER/Simulation02.04/build/crater_global_planner -- -j16 -l16
[0.774s] Invoked command in '/media/sf_CRATER/Simulation02.04/build/crater_global_planner' returned '0': CMAKE_PREFIX_PATH=${CMAKE_PREFIX_PATH}:/media/sf_CRATER/Simulation02.04/install/crater_aruco:/opt/ros/humble /usr/bin/cmake --build /media/sf_CRATER/Simulation02.04/build/crater_global_planner -- -j16 -l16
[0.810s] Invoking command in '/media/sf_CRATER/Simulation02.04/build/crater_global_planner': CMAKE_PREFIX_PATH=${CMAKE_PREFIX_PATH}:/media/sf_CRATER/Simulation02.04/install/crater_aruco:/opt/ros/humble /usr/bin/cmake --install /media/sf_CRATER/Simulation02.04/build/crater_global_planner
[0.960s] -- Install configuration: ""
[0.962s] -- Up-to-date: /media/sf_CRATER/Simulation02.04/install/crater_global_planner/lib/crater_global_planner/planner_core.py
[0.972s] -- Up-to-date: /media/sf_CRATER/Simulation02.04/install/crater_global_planner/lib/crater_global_planner/global_planner_node.py
[0.974s] -- Up-to-date: /media/sf_CRATER/Simulation02.04/install/crater_global_planner/share/crater_global_planner/config
[0.986s] -- Up-to-date: /media/sf_CRATER/Simulation02.04/install/crater_global_planner/share/crater_global_planner/config/planner_config.json
[0.989s] -- Up-to-date: /media/sf_CRATER/Simulation02.04/install/crater_global_planner/share/ament_index/resource_index/package_run_dependencies/crater_global_planner
[0.993s] -- Up-to-date: /media/sf_CRATER/Simulation02.04/install/crater_global_planner/share/ament_index/resource_index/parent_prefix_path/crater_global_planner
[0.995s] -- Up-to-date: /media/sf_CRATER/Simulation02.04/install/crater_global_planner/share/crater_global_planner/environment/ament_prefix_path.sh
[1.001s] -- Up-to-date: /media/sf_CRATER/Simulation02.04/install/crater_global_planner/share/crater_global_planner/environment/ament_prefix_path.dsv
[1.010s] -- Up-to-date: /media/sf_CRATER/Simulation02.04/install/crater_global_planner/share/crater_global_planner/environment/path.sh
[1.016s] -- Up-to-date: /media/sf_CRATER/Simulation02.04/install/crater_global_planner/share/crater_global_planner/environment/path.dsv
[1.021s] -- Up-to-date: /media/sf_CRATER/Simulation02.04/install/crater_global_planner/share/crater_global_planner/local_setup.bash
[1.022s] -- Up-to-date: /media/sf_CRATER/Simulation02.04/install/crater_global_planner/share/crater_global_planner/local_setup.sh
[1.027s] -- Up-to-date: /media/sf_CRATER/Simulation02.04/install/crater_global_planner/share/crater_global_planner/local_setup.zsh
[1.031s] -- Up-to-date: /media/sf_CRATER/Simulation02.04/install/crater_global_planner/share/crater_global_planner/local_setup.dsv
[1.034s] -- Installing: /media/sf_CRATER/Simulation02.04/install/crater_global_planner/share/crater_global_planner/package.dsv
[1.044s] -- Up-to-date: /media/sf_CRATER/Simulation02.04/install/crater_global_planner/share/ament_index/resource_index/packages/crater_global_planner
[1.061s] -- Up-to-date: /media/sf_CRATER/Simulation02.04/install/crater_global_planner/share/crater_global_planner/cmake/crater_global_plannerConfig.cmake
[1.063s] -- Up-to-date: /media/sf_CRATER/Simulation02.04/install/crater_global_planner/share/crater_global_planner/cmake/crater_global_plannerConfig-version.cmake
[1.121s] -- Up-to-date: /media/sf_CRATER/Simulation02.04/install/crater_global_planner/share/crater_global_planner/package.xml
[1.246s] Invoked command in '/media/sf_CRATER/Simulation02.04/build/crater_global_planner' returned '0': CMAKE_PREFIX_PATH=${CMAKE_PREFIX_PATH}:/media/sf_CRATER/Simulation02.04/install/crater_aruco:/opt/ros/humble /usr/bin/cmake --install /media/sf_CRATER/Simulation02.04/build/crater_global_planner
