[1.843s] Invoking command in '/media/sf_CRATER/Simulation02.04/autonomous-controls/src/crater_aruco': PYTHONPATH=/media/sf_CRATER/Simulation02.04/build/crater_aruco/prefix_override:/usr/lib/python3/dist-packages/colcon_core/task/python/colcon_distutils_commands:/media/sf_CRATER/Simulation02.04/install/crater_aruco/lib/python3.10/site-packages:${PYTHONPATH} /usr/bin/python3 -W ignore:setup.py install is deprecated -W ignore:easy_install command is deprecated setup.py egg_info --egg-base ../../../build/crater_aruco build --build-base /media/sf_CRATER/Simulation02.04/build/crater_aruco/build install --record /media/sf_CRATER/Simulation02.04/build/crater_aruco/install.log --single-version-externally-managed install_data
[2.075s] running egg_info
[2.077s] writing ../../../build/crater_aruco/crater_aruco.egg-info/PKG-INFO
[2.084s] writing dependency_links to ../../../build/crater_aruco/crater_aruco.egg-info/dependency_links.txt
[2.088s] writing entry points to ../../../build/crater_aruco/crater_aruco.egg-info/entry_points.txt
[2.090s] writing requirements to ../../../build/crater_aruco/crater_aruco.egg-info/requires.txt
[2.093s] writing top-level names to ../../../build/crater_aruco/crater_aruco.egg-info/top_level.txt
[2.110s] reading manifest file '../../../build/crater_aruco/crater_aruco.egg-info/SOURCES.txt'
[2.125s] writing manifest file '../../../build/crater_aruco/crater_aruco.egg-info/SOURCES.txt'
[2.127s] running build
[2.128s] running build_py
[2.163s] running install
[2.183s] running install_lib
[2.201s] running install_data
[2.204s] running install_egg_info
[2.209s] removing '/media/sf_CRATER/Simulation02.04/install/crater_aruco/lib/python3.10/site-packages/crater_aruco-0.0.0-py3.10.egg-info' (and everything under it)
[2.251s] Copying ../../../build/crater_aruco/crater_aruco.egg-info to /media/sf_CRATER/Simulation02.04/install/crater_aruco/lib/python3.10/site-packages/crater_aruco-0.0.0-py3.10.egg-info
[2.309s] running install_scripts
[2.332s] Installing aruco_node script to /media/sf_CRATER/Simulation02.04/install/crater_aruco/lib/crater_aruco
[2.339s] writing list of installed files to '/media/sf_CRATER/Simulation02.04/build/crater_aruco/install.log'
[2.361s] Invoked command in '/media/sf_CRATER/Simulation02.04/autonomous-controls/src/crater_aruco' returned '0': PYTHONPATH=/media/sf_CRATER/Simulation02.04/build/crater_aruco/prefix_override:/usr/lib/python3/dist-packages/colcon_core/task/python/colcon_distutils_commands:/media/sf_CRATER/Simulation02.04/install/crater_aruco/lib/python3.10/site-packages:${PYTHONPATH} /usr/bin/python3 -W ignore:setup.py install is deprecated -W ignore:easy_install command is deprecated setup.py egg_info --egg-base ../../../build/crater_aruco build --build-base /media/sf_CRATER/Simulation02.04/build/crater_aruco/build install --record /media/sf_CRATER/Simulation02.04/build/crater_aruco/install.log --single-version-externally-managed install_data
