[0.094s] DEBUG:colcon:Command line arguments: ['/usr/bin/colcon', 'build', '--packages-select', 'crater_application']
[0.094s] DEBUG:colcon:Parsed command line arguments: Namespace(log_base=None, log_level=None, verb_name='build', build_base='build', install_base='install', merge_install=False, symlink_install=False, test_result_base=None, continue_on_error=False, executor='parallel', parallel_workers=16, event_handlers=None, ignore_user_meta=False, metas=['./colcon.meta'], base_paths=['.'], packages_ignore=None, packages_ignore_regex=None, paths=None, packages_up_to=None, packages_up_to_regex=None, packages_above=None, packages_above_and_dependencies=None, packages_above_depth=None, packages_select_by_dep=None, packages_skip_by_dep=None, packages_skip_up_to=None, packages_select_build_failed=False, packages_skip_build_finished=False, packages_select_test_failures=False, packages_skip_test_passed=False, packages_select=['crater_application'], packages_skip=None, packages_select_regex=None, packages_skip_regex=None, packages_start=None, packages_end=None, allow_overriding=[], cmake_args=None, cmake_target=None, cmake_target_skip_unavailable=False, cmake_clean_cache=False, cmake_clean_first=False, cmake_force_configure=False, ament_cmake_args=None, catkin_cmake_args=None, catkin_skip_building_tests=False, mixin_files=None, mixin=None, verb_parser=<colcon_mixin.mixin.mixin_argument.MixinArgumentDecorator object at 0x721d26761540>, verb_extension=<colcon_core.verb.build.BuildVerb object at 0x721d26760e80>, main=<bound method BuildVerb.main of <colcon_core.verb.build.BuildVerb object at 0x721d26760e80>>, mixin_verb=('build',))
[0.258s] Level 1:colcon.colcon_core.package_discovery:discover_packages(colcon_meta) check parameters
[0.259s] Level 1:colcon.colcon_core.package_discovery:discover_packages(recursive) check parameters
[0.260s] Level 1:colcon.colcon_core.package_discovery:discover_packages(ignore) check parameters
[0.260s] Level 1:colcon.colcon_core.package_discovery:discover_packages(path) check parameters
[0.260s] Level 1:colcon.colcon_core.package_discovery:discover_packages(colcon_meta) discover
[0.261s] Level 1:colcon.colcon_core.package_discovery:discover_packages(recursive) discover
[0.261s] INFO:colcon.colcon_core.package_discovery:Crawling recursively for packages in '/media/sf_CRATER/Simulation02.04'
[0.262s] Level 1:colcon.colcon_core.package_identification:_identify(.) by extensions ['ignore', 'ignore_ament_install']
[0.263s] Level 1:colcon.colcon_core.package_identification:_identify(.) by extension 'ignore'
[0.263s] Level 1:colcon.colcon_core.package_identification:_identify(.) by extension 'ignore_ament_install'
[0.264s] Level 1:colcon.colcon_core.package_identification:_identify(.) by extensions ['colcon_pkg']
[0.265s] Level 1:colcon.colcon_core.package_identification:_identify(.) by extension 'colcon_pkg'
[0.265s] Level 1:colcon.colcon_core.package_identification:_identify(.) by extensions ['colcon_meta']
[0.265s] Level 1:colcon.colcon_core.package_identification:_identify(.) by extension 'colcon_meta'
[0.266s] Level 1:colcon.colcon_core.package_identification:_identify(.) by extensions ['ros']
[0.266s] Level 1:colcon.colcon_core.package_identification:_identify(.) by extension 'ros'
[0.276s] Level 1:colcon.colcon_core.package_identification:_identify(.) by extensions ['cmake', 'python']
[0.276s] Level 1:colcon.colcon_core.package_identification:_identify(.) by extension 'cmake'
[0.277s] Level 1:colcon.colcon_core.package_identification:_identify(.) by extension 'python'
[0.278s] Level 1:colcon.colcon_core.package_identification:_identify(.) by extensions ['python_setup_py']
[0.278s] Level 1:colcon.colcon_core.package_identification:_identify(.) by extension 'python_setup_py'
[0.280s] Level 1:colcon.colcon_core.package_identification:_identify(autonomous-controls) by extensions ['ignore', 'ignore_ament_install']
[0.281s] Level 1:colcon.colcon_core.package_identification:_identify(autonomous-controls) by extension 'ignore'
[0.281s] Level 1:colcon.colcon_core.package_identification:_identify(autonomous-controls) by extension 'ignore_ament_install'
[0.282s] Level 1:colcon.colcon_core.package_identification:_identify(autonomous-controls) by extensions ['colcon_pkg']
[0.283s] Level 1:colcon.colcon_core.package_identification:_identify(autonomous-controls) by extension 'colcon_pkg'
[0.283s] Level 1:colcon.colcon_core.package_identification:_identify(autonomous-controls) by extensions ['colcon_meta']
[0.284s] Level 1:colcon.colcon_core.package_identification:_identify(autonomous-controls) by extension 'colcon_meta'
[0.284s] Level 1:colcon.colcon_core.package_identification:_identify(autonomous-controls) by extensions ['ros']
[0.284s] Level 1:colcon.colcon_core.package_identification:_identify(autonomous-controls) by extension 'ros'
[0.286s] Level 1:colcon.colcon_core.package_identification:_identify(autonomous-controls) by extensions ['cmake', 'python']
[0.286s] Level 1:colcon.colcon_core.package_identification:_identify(autonomous-controls) by extension 'cmake'
[0.287s] Level 1:colcon.colcon_core.package_identification:_identify(autonomous-controls) by extension 'python'
[0.288s] Level 1:colcon.colcon_core.package_identification:_identify(autonomous-controls) by extensions ['python_setup_py']
[0.288s] Level 1:colcon.colcon_core.package_identification:_identify(autonomous-controls) by extension 'python_setup_py'
[0.290s] Level 1:colcon.colcon_core.package_identification:_identify(autonomous-controls/build) by extensions ['ignore', 'ignore_ament_install']
[0.291s] Level 1:colcon.colcon_core.package_identification:_identify(autonomous-controls/build) by extension 'ignore'
[0.291s] Level 1:colcon.colcon_core.package_identification:_identify(autonomous-controls/build) ignored
[0.293s] Level 1:colcon.colcon_core.package_identification:_identify(autonomous-controls/install) by extensions ['ignore', 'ignore_ament_install']
[0.293s] Level 1:colcon.colcon_core.package_identification:_identify(autonomous-controls/install) by extension 'ignore'
[0.294s] Level 1:colcon.colcon_core.package_identification:_identify(autonomous-controls/install) ignored
[0.296s] Level 1:colcon.colcon_core.package_identification:_identify(autonomous-controls/landmark_model_texture_generation) by extensions ['ignore', 'ignore_ament_install']
[0.296s] Level 1:colcon.colcon_core.package_identification:_identify(autonomous-controls/landmark_model_texture_generation) by extension 'ignore'
[0.297s] Level 1:colcon.colcon_core.package_identification:_identify(autonomous-controls/landmark_model_texture_generation) by extension 'ignore_ament_install'
[0.298s] Level 1:colcon.colcon_core.package_identification:_identify(autonomous-controls/landmark_model_texture_generation) by extensions ['colcon_pkg']
[0.298s] Level 1:colcon.colcon_core.package_identification:_identify(autonomous-controls/landmark_model_texture_generation) by extension 'colcon_pkg'
[0.299s] Level 1:colcon.colcon_core.package_identification:_identify(autonomous-controls/landmark_model_texture_generation) by extensions ['colcon_meta']
[0.299s] Level 1:colcon.colcon_core.package_identification:_identify(autonomous-controls/landmark_model_texture_generation) by extension 'colcon_meta'
[0.300s] Level 1:colcon.colcon_core.package_identification:_identify(autonomous-controls/landmark_model_texture_generation) by extensions ['ros']
[0.300s] Level 1:colcon.colcon_core.package_identification:_identify(autonomous-controls/landmark_model_texture_generation) by extension 'ros'
[0.301s] Level 1:colcon.colcon_core.package_identification:_identify(autonomous-controls/landmark_model_texture_generation) by extensions ['cmake', 'python']
[0.301s] Level 1:colcon.colcon_core.package_identification:_identify(autonomous-controls/landmark_model_texture_generation) by extension 'cmake'
[0.302s] Level 1:colcon.colcon_core.package_identification:_identify(autonomous-controls/landmark_model_texture_generation) by extension 'python'
[0.303s] Level 1:colcon.colcon_core.package_identification:_identify(autonomous-controls/landmark_model_texture_generation) by extensions ['python_setup_py']
[0.303s] Level 1:colcon.colcon_core.package_identification:_identify(autonomous-controls/landmark_model_texture_generation) by extension 'python_setup_py'
[0.305s] Level 1:colcon.colcon_core.package_identification:_identify(autonomous-controls/landmark_model_texture_generation/out) by extensions ['ignore', 'ignore_ament_install']
[0.305s] Level 1:colcon.colcon_core.package_identification:_identify(autonomous-controls/landmark_model_texture_generation/out) by extension 'ignore'
[0.306s] Level 1:colcon.colcon_core.package_identification:_identify(autonomous-controls/landmark_model_texture_generation/out) by extension 'ignore_ament_install'
[0.307s] Level 1:colcon.colcon_core.package_identification:_identify(autonomous-controls/landmark_model_texture_generation/out) by extensions ['colcon_pkg']
[0.307s] Level 1:colcon.colcon_core.package_identification:_identify(autonomous-controls/landmark_model_texture_generation/out) by extension 'colcon_pkg'
[0.308s] Level 1:colcon.colcon_core.package_identification:_identify(autonomous-controls/landmark_model_texture_generation/out) by extensions ['colcon_meta']
[0.309s] Level 1:colcon.colcon_core.package_identification:_identify(autonomous-controls/landmark_model_texture_generation/out) by extension 'colcon_meta'
[0.309s] Level 1:colcon.colcon_core.package_identification:_identify(autonomous-controls/landmark_model_texture_generation/out) by extensions ['ros']
[0.309s] Level 1:colcon.colcon_core.package_identification:_identify(autonomous-controls/landmark_model_texture_generation/out) by extension 'ros'
[0.311s] Level 1:colcon.colcon_core.package_identification:_identify(autonomous-controls/landmark_model_texture_generation/out) by extensions ['cmake', 'python']
[0.311s] Level 1:colcon.colcon_core.package_identification:_identify(autonomous-controls/landmark_model_texture_generation/out) by extension 'cmake'
[0.311s] Level 1:colcon.colcon_core.package_identification:_identify(autonomous-controls/landmark_model_texture_generation/out) by extension 'python'
[0.312s] Level 1:colcon.colcon_core.package_identification:_identify(autonomous-controls/landmark_model_texture_generation/out) by extensions ['python_setup_py']
[0.312s] Level 1:colcon.colcon_core.package_identification:_identify(autonomous-controls/landmark_model_texture_generation/out) by extension 'python_setup_py'
[0.314s] Level 1:colcon.colcon_core.package_identification:_identify(autonomous-controls/landmark_model_texture_generation/out/meshes) by extensions ['ignore', 'ignore_ament_install']
[0.315s] Level 1:colcon.colcon_core.package_identification:_identify(autonomous-controls/landmark_model_texture_generation/out/meshes) by extension 'ignore'
[0.315s] Level 1:colcon.colcon_core.package_identification:_identify(autonomous-controls/landmark_model_texture_generation/out/meshes) by extension 'ignore_ament_install'
[0.316s] Level 1:colcon.colcon_core.package_identification:_identify(autonomous-controls/landmark_model_texture_generation/out/meshes) by extensions ['colcon_pkg']
[0.316s] Level 1:colcon.colcon_core.package_identification:_identify(autonomous-controls/landmark_model_texture_generation/out/meshes) by extension 'colcon_pkg'
[0.317s] Level 1:colcon.colcon_core.package_identification:_identify(autonomous-controls/landmark_model_texture_generation/out/meshes) by extensions ['colcon_meta']
[0.317s] Level 1:colcon.colcon_core.package_identification:_identify(autonomous-controls/landmark_model_texture_generation/out/meshes) by extension 'colcon_meta'
[0.318s] Level 1:colcon.colcon_core.package_identification:_identify(autonomous-controls/landmark_model_texture_generation/out/meshes) by extensions ['ros']
[0.318s] Level 1:colcon.colcon_core.package_identification:_identify(autonomous-controls/landmark_model_texture_generation/out/meshes) by extension 'ros'
[0.319s] Level 1:colcon.colcon_core.package_identification:_identify(autonomous-controls/landmark_model_texture_generation/out/meshes) by extensions ['cmake', 'python']
[0.320s] Level 1:colcon.colcon_core.package_identification:_identify(autonomous-controls/landmark_model_texture_generation/out/meshes) by extension 'cmake'
[0.320s] Level 1:colcon.colcon_core.package_identification:_identify(autonomous-controls/landmark_model_texture_generation/out/meshes) by extension 'python'
[0.321s] Level 1:colcon.colcon_core.package_identification:_identify(autonomous-controls/landmark_model_texture_generation/out/meshes) by extensions ['python_setup_py']
[0.321s] Level 1:colcon.colcon_core.package_identification:_identify(autonomous-controls/landmark_model_texture_generation/out/meshes) by extension 'python_setup_py'
[0.323s] Level 1:colcon.colcon_core.package_identification:_identify(autonomous-controls/landmark_model_texture_generation/out/meshes/out) by extensions ['ignore', 'ignore_ament_install']
[0.323s] Level 1:colcon.colcon_core.package_identification:_identify(autonomous-controls/landmark_model_texture_generation/out/meshes/out) by extension 'ignore'
[0.324s] Level 1:colcon.colcon_core.package_identification:_identify(autonomous-controls/landmark_model_texture_generation/out/meshes/out) by extension 'ignore_ament_install'
[0.325s] Level 1:colcon.colcon_core.package_identification:_identify(autonomous-controls/landmark_model_texture_generation/out/meshes/out) by extensions ['colcon_pkg']
[0.325s] Level 1:colcon.colcon_core.package_identification:_identify(autonomous-controls/landmark_model_texture_generation/out/meshes/out) by extension 'colcon_pkg'
[0.325s] Level 1:colcon.colcon_core.package_identification:_identify(autonomous-controls/landmark_model_texture_generation/out/meshes/out) by extensions ['colcon_meta']
[0.326s] Level 1:colcon.colcon_core.package_identification:_identify(autonomous-controls/landmark_model_texture_generation/out/meshes/out) by extension 'colcon_meta'
[0.326s] Level 1:colcon.colcon_core.package_identification:_identify(autonomous-controls/landmark_model_texture_generation/out/meshes/out) by extensions ['ros']
[0.326s] Level 1:colcon.colcon_core.package_identification:_identify(autonomous-controls/landmark_model_texture_generation/out/meshes/out) by extension 'ros'
[0.327s] Level 1:colcon.colcon_core.package_identification:_identify(autonomous-controls/landmark_model_texture_generation/out/meshes/out) by extensions ['cmake', 'python']
[0.328s] Level 1:colcon.colcon_core.package_identification:_identify(autonomous-controls/landmark_model_texture_generation/out/meshes/out) by extension 'cmake'
[0.328s] Level 1:colcon.colcon_core.package_identification:_identify(autonomous-controls/landmark_model_texture_generation/out/meshes/out) by extension 'python'
[0.329s] Level 1:colcon.colcon_core.package_identification:_identify(autonomous-controls/landmark_model_texture_generation/out/meshes/out) by extensions ['python_setup_py']
[0.329s] Level 1:colcon.colcon_core.package_identification:_identify(autonomous-controls/landmark_model_texture_generation/out/meshes/out) by extension 'python_setup_py'
[0.330s] Level 1:colcon.colcon_core.package_identification:_identify(autonomous-controls/log) by extensions ['ignore', 'ignore_ament_install']
[0.331s] Level 1:colcon.colcon_core.package_identification:_identify(autonomous-controls/log) by extension 'ignore'
[0.331s] Level 1:colcon.colcon_core.package_identification:_identify(autonomous-controls/log) ignored
[0.333s] Level 1:colcon.colcon_core.package_identification:_identify(autonomous-controls/simulation) by extensions ['ignore', 'ignore_ament_install']
[0.333s] Level 1:colcon.colcon_core.package_identification:_identify(autonomous-controls/simulation) by extension 'ignore'
[0.334s] Level 1:colcon.colcon_core.package_identification:_identify(autonomous-controls/simulation) by extension 'ignore_ament_install'
[0.335s] Level 1:colcon.colcon_core.package_identification:_identify(autonomous-controls/simulation) by extensions ['colcon_pkg']
[0.335s] Level 1:colcon.colcon_core.package_identification:_identify(autonomous-controls/simulation) by extension 'colcon_pkg'
[0.335s] Level 1:colcon.colcon_core.package_identification:_identify(autonomous-controls/simulation) by extensions ['colcon_meta']
[0.335s] Level 1:colcon.colcon_core.package_identification:_identify(autonomous-controls/simulation) by extension 'colcon_meta'
[0.336s] Level 1:colcon.colcon_core.package_identification:_identify(autonomous-controls/simulation) by extensions ['ros']
[0.336s] Level 1:colcon.colcon_core.package_identification:_identify(autonomous-controls/simulation) by extension 'ros'
[0.337s] Level 1:colcon.colcon_core.package_identification:_identify(autonomous-controls/simulation) by extensions ['cmake', 'python']
[0.338s] Level 1:colcon.colcon_core.package_identification:_identify(autonomous-controls/simulation) by extension 'cmake'
[0.338s] Level 1:colcon.colcon_core.package_identification:_identify(autonomous-controls/simulation) by extension 'python'
[0.339s] Level 1:colcon.colcon_core.package_identification:_identify(autonomous-controls/simulation) by extensions ['python_setup_py']
[0.339s] Level 1:colcon.colcon_core.package_identification:_identify(autonomous-controls/simulation) by extension 'python_setup_py'
[0.341s] Level 1:colcon.colcon_core.package_identification:_identify(autonomous-controls/simulation/src) by extensions ['ignore', 'ignore_ament_install']
[0.341s] Level 1:colcon.colcon_core.package_identification:_identify(autonomous-controls/simulation/src) by extension 'ignore'
[0.342s] Level 1:colcon.colcon_core.package_identification:_identify(autonomous-controls/simulation/src) by extension 'ignore_ament_install'
[0.343s] Level 1:colcon.colcon_core.package_identification:_identify(autonomous-controls/simulation/src) by extensions ['colcon_pkg']
[0.343s] Level 1:colcon.colcon_core.package_identification:_identify(autonomous-controls/simulation/src) by extension 'colcon_pkg'
[0.343s] Level 1:colcon.colcon_core.package_identification:_identify(autonomous-controls/simulation/src) by extensions ['colcon_meta']
[0.344s] Level 1:colcon.colcon_core.package_identification:_identify(autonomous-controls/simulation/src) by extension 'colcon_meta'
[0.344s] Level 1:colcon.colcon_core.package_identification:_identify(autonomous-controls/simulation/src) by extensions ['ros']
[0.344s] Level 1:colcon.colcon_core.package_identification:_identify(autonomous-controls/simulation/src) by extension 'ros'
[0.345s] Level 1:colcon.colcon_core.package_identification:_identify(autonomous-controls/simulation/src) by extensions ['cmake', 'python']
[0.346s] Level 1:colcon.colcon_core.package_identification:_identify(autonomous-controls/simulation/src) by extension 'cmake'
[0.346s] Level 1:colcon.colcon_core.package_identification:_identify(autonomous-controls/simulation/src) by extension 'python'
[0.347s] Level 1:colcon.colcon_core.package_identification:_identify(autonomous-controls/simulation/src) by extensions ['python_setup_py']
[0.347s] Level 1:colcon.colcon_core.package_identification:_identify(autonomous-controls/simulation/src) by extension 'python_setup_py'
[0.349s] Level 1:colcon.colcon_core.package_identification:_identify(autonomous-controls/simulation/src/crater_gazebo) by extensions ['ignore', 'ignore_ament_install']
[0.349s] Level 1:colcon.colcon_core.package_identification:_identify(autonomous-controls/simulation/src/crater_gazebo) by extension 'ignore'
[0.350s] Level 1:colcon.colcon_core.package_identification:_identify(autonomous-controls/simulation/src/crater_gazebo) by extension 'ignore_ament_install'
[0.350s] Level 1:colcon.colcon_core.package_identification:_identify(autonomous-controls/simulation/src/crater_gazebo) by extensions ['colcon_pkg']
[0.351s] Level 1:colcon.colcon_core.package_identification:_identify(autonomous-controls/simulation/src/crater_gazebo) by extension 'colcon_pkg'
[0.351s] Level 1:colcon.colcon_core.package_identification:_identify(autonomous-controls/simulation/src/crater_gazebo) by extensions ['colcon_meta']
[0.351s] Level 1:colcon.colcon_core.package_identification:_identify(autonomous-controls/simulation/src/crater_gazebo) by extension 'colcon_meta'
[0.352s] Level 1:colcon.colcon_core.package_identification:_identify(autonomous-controls/simulation/src/crater_gazebo) by extensions ['ros']
[0.352s] Level 1:colcon.colcon_core.package_identification:_identify(autonomous-controls/simulation/src/crater_gazebo) by extension 'ros'
[0.353s] Level 1:colcon.colcon_core.package_identification:_identify(autonomous-controls/simulation/src/crater_gazebo) by extensions ['cmake', 'python']
[0.354s] Level 1:colcon.colcon_core.package_identification:_identify(autonomous-controls/simulation/src/crater_gazebo) by extension 'cmake'
[0.354s] Level 1:colcon.colcon_core.package_identification:_identify(autonomous-controls/simulation/src/crater_gazebo) by extension 'python'
[0.354s] Level 1:colcon.colcon_core.package_identification:_identify(autonomous-controls/simulation/src/crater_gazebo) by extensions ['python_setup_py']
[0.355s] Level 1:colcon.colcon_core.package_identification:_identify(autonomous-controls/simulation/src/crater_gazebo) by extension 'python_setup_py'
[0.356s] Level 1:colcon.colcon_core.package_identification:_identify(autonomous-controls/simulation/src/crater_gazebo/crater_simulator) by extensions ['ignore', 'ignore_ament_install']
[0.356s] Level 1:colcon.colcon_core.package_identification:_identify(autonomous-controls/simulation/src/crater_gazebo/crater_simulator) by extension 'ignore'
[0.357s] Level 1:colcon.colcon_core.package_identification:_identify(autonomous-controls/simulation/src/crater_gazebo/crater_simulator) by extension 'ignore_ament_install'
[0.358s] Level 1:colcon.colcon_core.package_identification:_identify(autonomous-controls/simulation/src/crater_gazebo/crater_simulator) by extensions ['colcon_pkg']
[0.358s] Level 1:colcon.colcon_core.package_identification:_identify(autonomous-controls/simulation/src/crater_gazebo/crater_simulator) by extension 'colcon_pkg'
[0.358s] Level 1:colcon.colcon_core.package_identification:_identify(autonomous-controls/simulation/src/crater_gazebo/crater_simulator) by extensions ['colcon_meta']
[0.359s] Level 1:colcon.colcon_core.package_identification:_identify(autonomous-controls/simulation/src/crater_gazebo/crater_simulator) by extension 'colcon_meta'
[0.359s] Level 1:colcon.colcon_core.package_identification:_identify(autonomous-controls/simulation/src/crater_gazebo/crater_simulator) by extensions ['ros']
[0.359s] Level 1:colcon.colcon_core.package_identification:_identify(autonomous-controls/simulation/src/crater_gazebo/crater_simulator) by extension 'ros'
[0.360s] Level 1:colcon.colcon_core.package_identification:_identify(autonomous-controls/simulation/src/crater_gazebo/crater_simulator) by extensions ['cmake', 'python']
[0.360s] Level 1:colcon.colcon_core.package_identification:_identify(autonomous-controls/simulation/src/crater_gazebo/crater_simulator) by extension 'cmake'
[0.361s] Level 1:colcon.colcon_core.package_identification:_identify(autonomous-controls/simulation/src/crater_gazebo/crater_simulator) by extension 'python'
[0.361s] Level 1:colcon.colcon_core.package_identification:_identify(autonomous-controls/simulation/src/crater_gazebo/crater_simulator) by extensions ['python_setup_py']
[0.362s] Level 1:colcon.colcon_core.package_identification:_identify(autonomous-controls/simulation/src/crater_gazebo/crater_simulator) by extension 'python_setup_py'
[0.363s] Level 1:colcon.colcon_core.package_identification:_identify(autonomous-controls/simulation/src/crater_gazebo/crater_simulator/worlds) by extensions ['ignore', 'ignore_ament_install']
[0.364s] Level 1:colcon.colcon_core.package_identification:_identify(autonomous-controls/simulation/src/crater_gazebo/crater_simulator/worlds) by extension 'ignore'
[0.364s] Level 1:colcon.colcon_core.package_identification:_identify(autonomous-controls/simulation/src/crater_gazebo/crater_simulator/worlds) by extension 'ignore_ament_install'
[0.365s] Level 1:colcon.colcon_core.package_identification:_identify(autonomous-controls/simulation/src/crater_gazebo/crater_simulator/worlds) by extensions ['colcon_pkg']
[0.365s] Level 1:colcon.colcon_core.package_identification:_identify(autonomous-controls/simulation/src/crater_gazebo/crater_simulator/worlds) by extension 'colcon_pkg'
[0.366s] Level 1:colcon.colcon_core.package_identification:_identify(autonomous-controls/simulation/src/crater_gazebo/crater_simulator/worlds) by extensions ['colcon_meta']
[0.366s] Level 1:colcon.colcon_core.package_identification:_identify(autonomous-controls/simulation/src/crater_gazebo/crater_simulator/worlds) by extension 'colcon_meta'
[0.366s] Level 1:colcon.colcon_core.package_identification:_identify(autonomous-controls/simulation/src/crater_gazebo/crater_simulator/worlds) by extensions ['ros']
[0.367s] Level 1:colcon.colcon_core.package_identification:_identify(autonomous-controls/simulation/src/crater_gazebo/crater_simulator/worlds) by extension 'ros'
[0.368s] Level 1:colcon.colcon_core.package_identification:_identify(autonomous-controls/simulation/src/crater_gazebo/crater_simulator/worlds) by extensions ['cmake', 'python']
[0.368s] Level 1:colcon.colcon_core.package_identification:_identify(autonomous-controls/simulation/src/crater_gazebo/crater_simulator/worlds) by extension 'cmake'
[0.369s] Level 1:colcon.colcon_core.package_identification:_identify(autonomous-controls/simulation/src/crater_gazebo/crater_simulator/worlds) by extension 'python'
[0.369s] Level 1:colcon.colcon_core.package_identification:_identify(autonomous-controls/simulation/src/crater_gazebo/crater_simulator/worlds) by extensions ['python_setup_py']
[0.370s] Level 1:colcon.colcon_core.package_identification:_identify(autonomous-controls/simulation/src/crater_gazebo/crater_simulator/worlds) by extension 'python_setup_py'
[0.371s] Level 1:colcon.colcon_core.package_identification:_identify(autonomous-controls/src) by extensions ['ignore', 'ignore_ament_install']
[0.371s] Level 1:colcon.colcon_core.package_identification:_identify(autonomous-controls/src) by extension 'ignore'
[0.372s] Level 1:colcon.colcon_core.package_identification:_identify(autonomous-controls/src) by extension 'ignore_ament_install'
[0.372s] Level 1:colcon.colcon_core.package_identification:_identify(autonomous-controls/src) by extensions ['colcon_pkg']
[0.373s] Level 1:colcon.colcon_core.package_identification:_identify(autonomous-controls/src) by extension 'colcon_pkg'
[0.373s] Level 1:colcon.colcon_core.package_identification:_identify(autonomous-controls/src) by extensions ['colcon_meta']
[0.373s] Level 1:colcon.colcon_core.package_identification:_identify(autonomous-controls/src) by extension 'colcon_meta'
[0.373s] Level 1:colcon.colcon_core.package_identification:_identify(autonomous-controls/src) by extensions ['ros']
[0.374s] Level 1:colcon.colcon_core.package_identification:_identify(autonomous-controls/src) by extension 'ros'
[0.375s] Level 1:colcon.colcon_core.package_identification:_identify(autonomous-controls/src) by extensions ['cmake', 'python']
[0.375s] Level 1:colcon.colcon_core.package_identification:_identify(autonomous-controls/src) by extension 'cmake'
[0.375s] Level 1:colcon.colcon_core.package_identification:_identify(autonomous-controls/src) by extension 'python'
[0.376s] Level 1:colcon.colcon_core.package_identification:_identify(autonomous-controls/src) by extensions ['python_setup_py']
[0.376s] Level 1:colcon.colcon_core.package_identification:_identify(autonomous-controls/src) by extension 'python_setup_py'
[0.378s] Level 1:colcon.colcon_core.package_identification:_identify(autonomous-controls/src/crater_aruco) by extensions ['ignore', 'ignore_ament_install']
[0.378s] Level 1:colcon.colcon_core.package_identification:_identify(autonomous-controls/src/crater_aruco) by extension 'ignore'
[0.379s] Level 1:colcon.colcon_core.package_identification:_identify(autonomous-controls/src/crater_aruco) by extension 'ignore_ament_install'
[0.379s] Level 1:colcon.colcon_core.package_identification:_identify(autonomous-controls/src/crater_aruco) by extensions ['colcon_pkg']
[0.380s] Level 1:colcon.colcon_core.package_identification:_identify(autonomous-controls/src/crater_aruco) by extension 'colcon_pkg'
[0.380s] Level 1:colcon.colcon_core.package_identification:_identify(autonomous-controls/src/crater_aruco) by extensions ['colcon_meta']
[0.380s] Level 1:colcon.colcon_core.package_identification:_identify(autonomous-controls/src/crater_aruco) by extension 'colcon_meta'
[0.380s] Level 1:colcon.colcon_core.package_identification:_identify(autonomous-controls/src/crater_aruco) by extensions ['ros']
[0.381s] Level 1:colcon.colcon_core.package_identification:_identify(autonomous-controls/src/crater_aruco) by extension 'ros'
[0.386s] DEBUG:colcon.colcon_core.package_identification:Package 'autonomous-controls/src/crater_aruco' with type 'ros.ament_python' and name 'crater_aruco'
[0.388s] Level 1:colcon.colcon_core.package_identification:_identify(autonomous-controls/src/crater_gazebo) by extensions ['ignore', 'ignore_ament_install']
[0.388s] Level 1:colcon.colcon_core.package_identification:_identify(autonomous-controls/src/crater_gazebo) by extension 'ignore'
[0.389s] Level 1:colcon.colcon_core.package_identification:_identify(autonomous-controls/src/crater_gazebo) by extension 'ignore_ament_install'
[0.389s] Level 1:colcon.colcon_core.package_identification:_identify(autonomous-controls/src/crater_gazebo) by extensions ['colcon_pkg']
[0.390s] Level 1:colcon.colcon_core.package_identification:_identify(autonomous-controls/src/crater_gazebo) by extension 'colcon_pkg'
[0.390s] Level 1:colcon.colcon_core.package_identification:_identify(autonomous-controls/src/crater_gazebo) by extensions ['colcon_meta']
[0.391s] Level 1:colcon.colcon_core.package_identification:_identify(autonomous-controls/src/crater_gazebo) by extension 'colcon_meta'
[0.391s] Level 1:colcon.colcon_core.package_identification:_identify(autonomous-controls/src/crater_gazebo) by extensions ['ros']
[0.391s] Level 1:colcon.colcon_core.package_identification:_identify(autonomous-controls/src/crater_gazebo) by extension 'ros'
[0.392s] Level 1:colcon.colcon_core.package_identification:_identify(autonomous-controls/src/crater_gazebo) by extensions ['cmake', 'python']
[0.393s] Level 1:colcon.colcon_core.package_identification:_identify(autonomous-controls/src/crater_gazebo) by extension 'cmake'
[0.393s] Level 1:colcon.colcon_core.package_identification:_identify(autonomous-controls/src/crater_gazebo) by extension 'python'
[0.394s] Level 1:colcon.colcon_core.package_identification:_identify(autonomous-controls/src/crater_gazebo) by extensions ['python_setup_py']
[0.394s] Level 1:colcon.colcon_core.package_identification:_identify(autonomous-controls/src/crater_gazebo) by extension 'python_setup_py'
[0.396s] Level 1:colcon.colcon_core.package_identification:_identify(autonomous-controls/src/crater_gazebo/crater_application) by extensions ['ignore', 'ignore_ament_install']
[0.396s] Level 1:colcon.colcon_core.package_identification:_identify(autonomous-controls/src/crater_gazebo/crater_application) by extension 'ignore'
[0.396s] Level 1:colcon.colcon_core.package_identification:_identify(autonomous-controls/src/crater_gazebo/crater_application) by extension 'ignore_ament_install'
[0.397s] Level 1:colcon.colcon_core.package_identification:_identify(autonomous-controls/src/crater_gazebo/crater_application) by extensions ['colcon_pkg']
[0.398s] Level 1:colcon.colcon_core.package_identification:_identify(autonomous-controls/src/crater_gazebo/crater_application) by extension 'colcon_pkg'
[0.398s] Level 1:colcon.colcon_core.package_identification:_identify(autonomous-controls/src/crater_gazebo/crater_application) by extensions ['colcon_meta']
[0.399s] Level 1:colcon.colcon_core.package_identification:_identify(autonomous-controls/src/crater_gazebo/crater_application) by extension 'colcon_meta'
[0.399s] Level 1:colcon.colcon_core.package_identification:_identify(autonomous-controls/src/crater_gazebo/crater_application) by extensions ['ros']
[0.399s] Level 1:colcon.colcon_core.package_identification:_identify(autonomous-controls/src/crater_gazebo/crater_application) by extension 'ros'
[0.403s] DEBUG:colcon.colcon_core.package_identification:Package 'autonomous-controls/src/crater_gazebo/crater_application' with type 'ros.ament_cmake' and name 'crater_application'
[0.404s] Level 1:colcon.colcon_core.package_identification:_identify(autonomous-controls/src/crater_gazebo/crater_bringup) by extensions ['ignore', 'ignore_ament_install']
[0.404s] Level 1:colcon.colcon_core.package_identification:_identify(autonomous-controls/src/crater_gazebo/crater_bringup) by extension 'ignore'
[0.405s] Level 1:colcon.colcon_core.package_identification:_identify(autonomous-controls/src/crater_gazebo/crater_bringup) by extension 'ignore_ament_install'
[0.406s] Level 1:colcon.colcon_core.package_identification:_identify(autonomous-controls/src/crater_gazebo/crater_bringup) by extensions ['colcon_pkg']
[0.406s] Level 1:colcon.colcon_core.package_identification:_identify(autonomous-controls/src/crater_gazebo/crater_bringup) by extension 'colcon_pkg'
[0.406s] Level 1:colcon.colcon_core.package_identification:_identify(autonomous-controls/src/crater_gazebo/crater_bringup) by extensions ['colcon_meta']
[0.407s] Level 1:colcon.colcon_core.package_identification:_identify(autonomous-controls/src/crater_gazebo/crater_bringup) by extension 'colcon_meta'
[0.407s] Level 1:colcon.colcon_core.package_identification:_identify(autonomous-controls/src/crater_gazebo/crater_bringup) by extensions ['ros']
[0.407s] Level 1:colcon.colcon_core.package_identification:_identify(autonomous-controls/src/crater_gazebo/crater_bringup) by extension 'ros'
[0.411s] DEBUG:colcon.colcon_core.package_identification:Package 'autonomous-controls/src/crater_gazebo/crater_bringup' with type 'ros.ament_cmake' and name 'crater_bringup'
[0.412s] Level 1:colcon.colcon_core.package_identification:_identify(autonomous-controls/src/crater_gazebo/crater_description) by extensions ['ignore', 'ignore_ament_install']
[0.412s] Level 1:colcon.colcon_core.package_identification:_identify(autonomous-controls/src/crater_gazebo/crater_description) by extension 'ignore'
[0.413s] Level 1:colcon.colcon_core.package_identification:_identify(autonomous-controls/src/crater_gazebo/crater_description) by extension 'ignore_ament_install'
[0.413s] Level 1:colcon.colcon_core.package_identification:_identify(autonomous-controls/src/crater_gazebo/crater_description) by extensions ['colcon_pkg']
[0.414s] Level 1:colcon.colcon_core.package_identification:_identify(autonomous-controls/src/crater_gazebo/crater_description) by extension 'colcon_pkg'
[0.414s] Level 1:colcon.colcon_core.package_identification:_identify(autonomous-controls/src/crater_gazebo/crater_description) by extensions ['colcon_meta']
[0.415s] Level 1:colcon.colcon_core.package_identification:_identify(autonomous-controls/src/crater_gazebo/crater_description) by extension 'colcon_meta'
[0.415s] Level 1:colcon.colcon_core.package_identification:_identify(autonomous-controls/src/crater_gazebo/crater_description) by extensions ['ros']
[0.415s] Level 1:colcon.colcon_core.package_identification:_identify(autonomous-controls/src/crater_gazebo/crater_description) by extension 'ros'
[0.425s] DEBUG:colcon.colcon_core.package_identification:Package 'autonomous-controls/src/crater_gazebo/crater_description' with type 'ros.ament_cmake' and name 'crater_description'
[0.427s] Level 1:colcon.colcon_core.package_identification:_identify(autonomous-controls/src/crater_gazebo/crater_global_planner) by extensions ['ignore', 'ignore_ament_install']
[0.428s] Level 1:colcon.colcon_core.package_identification:_identify(autonomous-controls/src/crater_gazebo/crater_global_planner) by extension 'ignore'
[0.428s] Level 1:colcon.colcon_core.package_identification:_identify(autonomous-controls/src/crater_gazebo/crater_global_planner) by extension 'ignore_ament_install'
[0.430s] Level 1:colcon.colcon_core.package_identification:_identify(autonomous-controls/src/crater_gazebo/crater_global_planner) by extensions ['colcon_pkg']
[0.430s] Level 1:colcon.colcon_core.package_identification:_identify(autonomous-controls/src/crater_gazebo/crater_global_planner) by extension 'colcon_pkg'
[0.430s] Level 1:colcon.colcon_core.package_identification:_identify(autonomous-controls/src/crater_gazebo/crater_global_planner) by extensions ['colcon_meta']
[0.430s] Level 1:colcon.colcon_core.package_identification:_identify(autonomous-controls/src/crater_gazebo/crater_global_planner) by extension 'colcon_meta'
[0.431s] Level 1:colcon.colcon_core.package_identification:_identify(autonomous-controls/src/crater_gazebo/crater_global_planner) by extensions ['ros']
[0.431s] Level 1:colcon.colcon_core.package_identification:_identify(autonomous-controls/src/crater_gazebo/crater_global_planner) by extension 'ros'
[0.434s] DEBUG:colcon.colcon_core.package_identification:Package 'autonomous-controls/src/crater_gazebo/crater_global_planner' with type 'ros.ament_cmake' and name 'crater_global_planner'
[0.436s] Level 1:colcon.colcon_core.package_identification:_identify(autonomous-controls/src/crater_gazebo/crater_simulator) by extensions ['ignore', 'ignore_ament_install']
[0.436s] Level 1:colcon.colcon_core.package_identification:_identify(autonomous-controls/src/crater_gazebo/crater_simulator) by extension 'ignore'
[0.437s] Level 1:colcon.colcon_core.package_identification:_identify(autonomous-controls/src/crater_gazebo/crater_simulator) by extension 'ignore_ament_install'
[0.438s] Level 1:colcon.colcon_core.package_identification:_identify(autonomous-controls/src/crater_gazebo/crater_simulator) by extensions ['colcon_pkg']
[0.438s] Level 1:colcon.colcon_core.package_identification:_identify(autonomous-controls/src/crater_gazebo/crater_simulator) by extension 'colcon_pkg'
[0.438s] Level 1:colcon.colcon_core.package_identification:_identify(autonomous-controls/src/crater_gazebo/crater_simulator) by extensions ['colcon_meta']
[0.439s] Level 1:colcon.colcon_core.package_identification:_identify(autonomous-controls/src/crater_gazebo/crater_simulator) by extension 'colcon_meta'
[0.439s] Level 1:colcon.colcon_core.package_identification:_identify(autonomous-controls/src/crater_gazebo/crater_simulator) by extensions ['ros']
[0.439s] Level 1:colcon.colcon_core.package_identification:_identify(autonomous-controls/src/crater_gazebo/crater_simulator) by extension 'ros'
[0.442s] DEBUG:colcon.colcon_core.package_identification:Package 'autonomous-controls/src/crater_gazebo/crater_simulator' with type 'ros.ament_cmake' and name 'crater_simulator'
[0.444s] Level 1:colcon.colcon_core.package_identification:_identify(autonomous-controls/src/global_planner) by extensions ['ignore', 'ignore_ament_install']
[0.444s] Level 1:colcon.colcon_core.package_identification:_identify(autonomous-controls/src/global_planner) by extension 'ignore'
[0.444s] Level 1:colcon.colcon_core.package_identification:_identify(autonomous-controls/src/global_planner) by extension 'ignore_ament_install'
[0.445s] Level 1:colcon.colcon_core.package_identification:_identify(autonomous-controls/src/global_planner) by extensions ['colcon_pkg']
[0.445s] Level 1:colcon.colcon_core.package_identification:_identify(autonomous-controls/src/global_planner) by extension 'colcon_pkg'
[0.446s] Level 1:colcon.colcon_core.package_identification:_identify(autonomous-controls/src/global_planner) by extensions ['colcon_meta']
[0.446s] Level 1:colcon.colcon_core.package_identification:_identify(autonomous-controls/src/global_planner) by extension 'colcon_meta'
[0.446s] Level 1:colcon.colcon_core.package_identification:_identify(autonomous-controls/src/global_planner) by extensions ['ros']
[0.447s] Level 1:colcon.colcon_core.package_identification:_identify(autonomous-controls/src/global_planner) by extension 'ros'
[0.450s] DEBUG:colcon.colcon_core.package_identification:Package 'autonomous-controls/src/global_planner' with type 'ros.ament_cmake' and name 'global-planner'
[0.451s] Level 1:colcon.colcon_core.package_identification:_identify(autonomous-controls/src/local_planner) by extensions ['ignore', 'ignore_ament_install']
[0.451s] Level 1:colcon.colcon_core.package_identification:_identify(autonomous-controls/src/local_planner) by extension 'ignore'
[0.452s] Level 1:colcon.colcon_core.package_identification:_identify(autonomous-controls/src/local_planner) by extension 'ignore_ament_install'
[0.453s] Level 1:colcon.colcon_core.package_identification:_identify(autonomous-controls/src/local_planner) by extensions ['colcon_pkg']
[0.453s] Level 1:colcon.colcon_core.package_identification:_identify(autonomous-controls/src/local_planner) by extension 'colcon_pkg'
[0.454s] Level 1:colcon.colcon_core.package_identification:_identify(autonomous-controls/src/local_planner) by extensions ['colcon_meta']
[0.454s] Level 1:colcon.colcon_core.package_identification:_identify(autonomous-controls/src/local_planner) by extension 'colcon_meta'
[0.454s] Level 1:colcon.colcon_core.package_identification:_identify(autonomous-controls/src/local_planner) by extensions ['ros']
[0.454s] Level 1:colcon.colcon_core.package_identification:_identify(autonomous-controls/src/local_planner) by extension 'ros'
[0.458s] DEBUG:colcon.colcon_core.package_identification:Package 'autonomous-controls/src/local_planner' with type 'ros.ament_cmake' and name 'crater_local_planner'
[0.459s] Level 1:colcon.colcon_core.package_identification:_identify(autonomous-controls/src/state_estimation) by extensions ['ignore', 'ignore_ament_install']
[0.460s] Level 1:colcon.colcon_core.package_identification:_identify(autonomous-controls/src/state_estimation) by extension 'ignore'
[0.460s] Level 1:colcon.colcon_core.package_identification:_identify(autonomous-controls/src/state_estimation) by extension 'ignore_ament_install'
[0.461s] Level 1:colcon.colcon_core.package_identification:_identify(autonomous-controls/src/state_estimation) by extensions ['colcon_pkg']
[0.461s] Level 1:colcon.colcon_core.package_identification:_identify(autonomous-controls/src/state_estimation) by extension 'colcon_pkg'
[0.462s] Level 1:colcon.colcon_core.package_identification:_identify(autonomous-controls/src/state_estimation) by extensions ['colcon_meta']
[0.462s] Level 1:colcon.colcon_core.package_identification:_identify(autonomous-controls/src/state_estimation) by extension 'colcon_meta'
[0.462s] Level 1:colcon.colcon_core.package_identification:_identify(autonomous-controls/src/state_estimation) by extensions ['ros']
[0.462s] Level 1:colcon.colcon_core.package_identification:_identify(autonomous-controls/src/state_estimation) by extension 'ros'
[0.466s] DEBUG:colcon.colcon_core.package_identification:Package 'autonomous-controls/src/state_estimation' with type 'ros.ament_cmake' and name 'state_estimation'
[0.467s] Level 1:colcon.colcon_core.package_identification:_identify(autonomous-controls/tools) by extensions ['ignore', 'ignore_ament_install']
[0.467s] Level 1:colcon.colcon_core.package_identification:_identify(autonomous-controls/tools) by extension 'ignore'
[0.468s] Level 1:colcon.colcon_core.package_identification:_identify(autonomous-controls/tools) by extension 'ignore_ament_install'
[0.469s] Level 1:colcon.colcon_core.package_identification:_identify(autonomous-controls/tools) by extensions ['colcon_pkg']
[0.469s] Level 1:colcon.colcon_core.package_identification:_identify(autonomous-controls/tools) by extension 'colcon_pkg'
[0.470s] Level 1:colcon.colcon_core.package_identification:_identify(autonomous-controls/tools) by extensions ['colcon_meta']
[0.470s] Level 1:colcon.colcon_core.package_identification:_identify(autonomous-controls/tools) by extension 'colcon_meta'
[0.470s] Level 1:colcon.colcon_core.package_identification:_identify(autonomous-controls/tools) by extensions ['ros']
[0.470s] Level 1:colcon.colcon_core.package_identification:_identify(autonomous-controls/tools) by extension 'ros'
[0.472s] Level 1:colcon.colcon_core.package_identification:_identify(autonomous-controls/tools) by extensions ['cmake', 'python']
[0.472s] Level 1:colcon.colcon_core.package_identification:_identify(autonomous-controls/tools) by extension 'cmake'
[0.473s] Level 1:colcon.colcon_core.package_identification:_identify(autonomous-controls/tools) by extension 'python'
[0.473s] Level 1:colcon.colcon_core.package_identification:_identify(autonomous-controls/tools) by extensions ['python_setup_py']
[0.473s] Level 1:colcon.colcon_core.package_identification:_identify(autonomous-controls/tools) by extension 'python_setup_py'
[0.475s] Level 1:colcon.colcon_core.package_identification:_identify(build) by extensions ['ignore', 'ignore_ament_install']
[0.475s] Level 1:colcon.colcon_core.package_identification:_identify(build) by extension 'ignore'
[0.476s] Level 1:colcon.colcon_core.package_identification:_identify(build) ignored
[0.477s] Level 1:colcon.colcon_core.package_identification:_identify(install) by extensions ['ignore', 'ignore_ament_install']
[0.477s] Level 1:colcon.colcon_core.package_identification:_identify(install) by extension 'ignore'
[0.478s] Level 1:colcon.colcon_core.package_identification:_identify(install) ignored
[0.479s] Level 1:colcon.colcon_core.package_identification:_identify(log) by extensions ['ignore', 'ignore_ament_install']
[0.480s] Level 1:colcon.colcon_core.package_identification:_identify(log) by extension 'ignore'
[0.480s] Level 1:colcon.colcon_core.package_identification:_identify(log) ignored
[0.481s] Level 1:colcon.colcon_core.package_discovery:discover_packages(recursive) using defaults
[0.481s] Level 1:colcon.colcon_core.package_discovery:discover_packages(ignore) discover
[0.481s] Level 1:colcon.colcon_core.package_discovery:discover_packages(ignore) using defaults
[0.481s] Level 1:colcon.colcon_core.package_discovery:discover_packages(path) discover
[0.481s] Level 1:colcon.colcon_core.package_discovery:discover_packages(path) using defaults
[0.522s] INFO:colcon.colcon_core.package_selection:Skipping not selected package 'crater_aruco' in 'autonomous-controls/src/crater_aruco'
[0.523s] INFO:colcon.colcon_core.package_selection:Skipping not selected package 'crater_description' in 'autonomous-controls/src/crater_gazebo/crater_description'
[0.523s] INFO:colcon.colcon_core.package_selection:Skipping not selected package 'crater_global_planner' in 'autonomous-controls/src/crater_gazebo/crater_global_planner'
[0.523s] INFO:colcon.colcon_core.package_selection:Skipping not selected package 'crater_local_planner' in 'autonomous-controls/src/local_planner'
[0.523s] INFO:colcon.colcon_core.package_selection:Skipping not selected package 'global-planner' in 'autonomous-controls/src/global_planner'
[0.524s] INFO:colcon.colcon_core.package_selection:Skipping not selected package 'state_estimation' in 'autonomous-controls/src/state_estimation'
[0.524s] INFO:colcon.colcon_core.package_selection:Skipping not selected package 'crater_simulator' in 'autonomous-controls/src/crater_gazebo/crater_simulator'
[0.524s] INFO:colcon.colcon_core.package_selection:Skipping not selected package 'crater_bringup' in 'autonomous-controls/src/crater_gazebo/crater_bringup'
[0.525s] Level 1:colcon.colcon_core.package_discovery:discover_packages(prefix_path) check parameters
[0.525s] Level 1:colcon.colcon_core.package_discovery:discover_packages(prefix_path) discover
[0.564s] DEBUG:colcon.colcon_installed_package_information.package_discovery:Found 9 installed packages in /media/sf_CRATER/Simulation02.04/install
[0.565s] DEBUG:colcon.colcon_installed_package_information.package_discovery:Found 286 installed packages in /opt/ros/humble
[0.566s] Level 1:colcon.colcon_core.package_discovery:discover_packages(prefix_path) using defaults
[0.653s] WARNING:colcon.colcon_core.package_selection:Some selected packages are already built in one or more underlay workspaces:
	'crater_application' is in: /media/sf_CRATER/Simulation02.04/install/crater_application
If a package in a merged underlay workspace is overridden and it installs headers, then all packages in the overlay must sort their include directories by workspace order. Failure to do so may result in build failures or undefined behavior at run time.
If the overridden package is used by another package in any underlay, then the overriding package in the overlay must be API and ABI compatible or undefined behavior at run time may occur.

If you understand the risks and want to override a package anyways, add the following to the command line:
	--allow-overriding crater_application

This may be promoted to an error in a future release of colcon-override-check.
[0.655s] Level 5:colcon.colcon_core.verb:set package 'crater_application' build argument 'cmake_args' from command line to 'None'
[0.655s] Level 5:colcon.colcon_core.verb:set package 'crater_application' build argument 'cmake_target' from command line to 'None'
[0.655s] Level 5:colcon.colcon_core.verb:set package 'crater_application' build argument 'cmake_target_skip_unavailable' from command line to 'False'
[0.656s] Level 5:colcon.colcon_core.verb:set package 'crater_application' build argument 'cmake_clean_cache' from command line to 'False'
[0.656s] Level 5:colcon.colcon_core.verb:set package 'crater_application' build argument 'cmake_clean_first' from command line to 'False'
[0.656s] Level 5:colcon.colcon_core.verb:set package 'crater_application' build argument 'cmake_force_configure' from command line to 'False'
[0.657s] Level 5:colcon.colcon_core.verb:set package 'crater_application' build argument 'ament_cmake_args' from command line to 'None'
[0.657s] Level 5:colcon.colcon_core.verb:set package 'crater_application' build argument 'catkin_cmake_args' from command line to 'None'
[0.657s] Level 5:colcon.colcon_core.verb:set package 'crater_application' build argument 'catkin_skip_building_tests' from command line to 'False'
[0.658s] DEBUG:colcon.colcon_core.verb:Building package 'crater_application' with the following arguments: {'ament_cmake_args': None, 'build_base': '/media/sf_CRATER/Simulation02.04/build/crater_application', 'catkin_cmake_args': None, 'catkin_skip_building_tests': False, 'cmake_args': None, 'cmake_clean_cache': False, 'cmake_clean_first': False, 'cmake_force_configure': False, 'cmake_target': None, 'cmake_target_skip_unavailable': False, 'install_base': '/media/sf_CRATER/Simulation02.04/install/crater_application', 'merge_install': False, 'path': '/media/sf_CRATER/Simulation02.04/autonomous-controls/src/crater_gazebo/crater_application', 'symlink_install': False, 'test_result_base': None}
[0.658s] INFO:colcon.colcon_core.executor:Executing jobs using 'parallel' executor
[0.661s] DEBUG:colcon.colcon_parallel_executor.executor.parallel:run_until_complete
[0.661s] INFO:colcon.colcon_ros.task.ament_cmake.build:Building ROS package in '/media/sf_CRATER/Simulation02.04/autonomous-controls/src/crater_gazebo/crater_application' with build type 'ament_cmake'
[0.662s] INFO:colcon.colcon_cmake.task.cmake.build:Building CMake package in '/media/sf_CRATER/Simulation02.04/autonomous-controls/src/crater_gazebo/crater_application'
[0.666s] INFO:colcon.colcon_core.plugin_system:Skipping extension 'colcon_core.shell.bat': Not used on non-Windows systems
[0.670s] INFO:colcon.colcon_core.shell:Skip shell extension 'powershell' for command environment: Not usable outside of PowerShell
[0.670s] DEBUG:colcon.colcon_core.shell:Skip shell extension 'dsv' for command environment
[0.750s] DEBUG:colcon.colcon_core.event_handler.log_command:Invoking command in '/media/sf_CRATER/Simulation02.04/build/crater_application': CMAKE_PREFIX_PATH=${CMAKE_PREFIX_PATH}:/media/sf_CRATER/Simulation02.04/install/crater_aruco:/opt/ros/humble /usr/bin/cmake --build /media/sf_CRATER/Simulation02.04/build/crater_application -- -j16 -l16
[0.839s] DEBUG:colcon.colcon_core.event_handler.log_command:Invoked command in '/media/sf_CRATER/Simulation02.04/build/crater_application' returned '0': CMAKE_PREFIX_PATH=${CMAKE_PREFIX_PATH}:/media/sf_CRATER/Simulation02.04/install/crater_aruco:/opt/ros/humble /usr/bin/cmake --build /media/sf_CRATER/Simulation02.04/build/crater_application -- -j16 -l16
[0.876s] DEBUG:colcon.colcon_core.event_handler.log_command:Invoking command in '/media/sf_CRATER/Simulation02.04/build/crater_application': CMAKE_PREFIX_PATH=${CMAKE_PREFIX_PATH}:/media/sf_CRATER/Simulation02.04/install/crater_aruco:/opt/ros/humble /usr/bin/cmake --install /media/sf_CRATER/Simulation02.04/build/crater_application
[0.942s] Level 1:colcon.colcon_core.environment:create_environment_scripts_only(crater_application)
[0.943s] DEBUG:colcon.colcon_core.event_handler.log_command:Invoked command in '/media/sf_CRATER/Simulation02.04/build/crater_application' returned '0': CMAKE_PREFIX_PATH=${CMAKE_PREFIX_PATH}:/media/sf_CRATER/Simulation02.04/install/crater_aruco:/opt/ros/humble /usr/bin/cmake --install /media/sf_CRATER/Simulation02.04/build/crater_application
[0.947s] Level 1:colcon.colcon_core.environment:checking '/media/sf_CRATER/Simulation02.04/install/crater_application' for CMake module files
[0.958s] Level 1:colcon.colcon_core.environment:checking '/media/sf_CRATER/Simulation02.04/install/crater_application' for CMake config files
[0.969s] Level 1:colcon.colcon_core.shell:create_environment_hook('crater_application', 'cmake_prefix_path')
[0.969s] INFO:colcon.colcon_core.shell:Creating environment hook '/media/sf_CRATER/Simulation02.04/install/crater_application/share/crater_application/hook/cmake_prefix_path.ps1'
[0.972s] INFO:colcon.colcon_core.shell:Creating environment descriptor '/media/sf_CRATER/Simulation02.04/install/crater_application/share/crater_application/hook/cmake_prefix_path.dsv'
[0.974s] INFO:colcon.colcon_core.shell:Creating environment hook '/media/sf_CRATER/Simulation02.04/install/crater_application/share/crater_application/hook/cmake_prefix_path.sh'
[0.978s] Level 1:colcon.colcon_core.environment:checking '/media/sf_CRATER/Simulation02.04/install/crater_application/lib'
[0.979s] Level 1:colcon.colcon_core.environment:checking '/media/sf_CRATER/Simulation02.04/install/crater_application/bin'
[0.979s] Level 1:colcon.colcon_core.environment:checking '/media/sf_CRATER/Simulation02.04/install/crater_application/lib/pkgconfig/crater_application.pc'
[0.979s] Level 1:colcon.colcon_core.environment:checking '/media/sf_CRATER/Simulation02.04/install/crater_application/lib/python3.10/site-packages'
[0.979s] Level 1:colcon.colcon_core.environment:checking '/media/sf_CRATER/Simulation02.04/install/crater_application/bin'
[0.980s] INFO:colcon.colcon_core.shell:Creating package script '/media/sf_CRATER/Simulation02.04/install/crater_application/share/crater_application/package.ps1'
[0.983s] INFO:colcon.colcon_core.shell:Creating package descriptor '/media/sf_CRATER/Simulation02.04/install/crater_application/share/crater_application/package.dsv'
[0.985s] INFO:colcon.colcon_core.shell:Creating package script '/media/sf_CRATER/Simulation02.04/install/crater_application/share/crater_application/package.sh'
[0.987s] INFO:colcon.colcon_core.shell:Creating package script '/media/sf_CRATER/Simulation02.04/install/crater_application/share/crater_application/package.bash'
[0.990s] INFO:colcon.colcon_core.shell:Creating package script '/media/sf_CRATER/Simulation02.04/install/crater_application/share/crater_application/package.zsh'
[0.992s] Level 1:colcon.colcon_core.environment:create_file_with_runtime_dependencies(/media/sf_CRATER/Simulation02.04/install/crater_application/share/colcon-core/packages/crater_application)
[0.997s] Level 1:colcon.colcon_core.environment:create_environment_scripts_only(crater_application)
[0.998s] Level 1:colcon.colcon_core.environment:checking '/media/sf_CRATER/Simulation02.04/install/crater_application' for CMake module files
[1.008s] Level 1:colcon.colcon_core.environment:checking '/media/sf_CRATER/Simulation02.04/install/crater_application' for CMake config files
[1.020s] Level 1:colcon.colcon_core.shell:create_environment_hook('crater_application', 'cmake_prefix_path')
[1.020s] INFO:colcon.colcon_core.shell:Creating environment hook '/media/sf_CRATER/Simulation02.04/install/crater_application/share/crater_application/hook/cmake_prefix_path.ps1'
[1.023s] INFO:colcon.colcon_core.shell:Creating environment descriptor '/media/sf_CRATER/Simulation02.04/install/crater_application/share/crater_application/hook/cmake_prefix_path.dsv'
[1.025s] INFO:colcon.colcon_core.shell:Creating environment hook '/media/sf_CRATER/Simulation02.04/install/crater_application/share/crater_application/hook/cmake_prefix_path.sh'
[1.029s] Level 1:colcon.colcon_core.environment:checking '/media/sf_CRATER/Simulation02.04/install/crater_application/lib'
[1.030s] Level 1:colcon.colcon_core.environment:checking '/media/sf_CRATER/Simulation02.04/install/crater_application/bin'
[1.031s] Level 1:colcon.colcon_core.environment:checking '/media/sf_CRATER/Simulation02.04/install/crater_application/lib/pkgconfig/crater_application.pc'
[1.032s] Level 1:colcon.colcon_core.environment:checking '/media/sf_CRATER/Simulation02.04/install/crater_application/lib/python3.10/site-packages'
[1.033s] Level 1:colcon.colcon_core.environment:checking '/media/sf_CRATER/Simulation02.04/install/crater_application/bin'
[1.034s] INFO:colcon.colcon_core.shell:Creating package script '/media/sf_CRATER/Simulation02.04/install/crater_application/share/crater_application/package.ps1'
[1.036s] INFO:colcon.colcon_core.shell:Creating package descriptor '/media/sf_CRATER/Simulation02.04/install/crater_application/share/crater_application/package.dsv'
[1.038s] INFO:colcon.colcon_core.shell:Creating package script '/media/sf_CRATER/Simulation02.04/install/crater_application/share/crater_application/package.sh'
[1.041s] INFO:colcon.colcon_core.shell:Creating package script '/media/sf_CRATER/Simulation02.04/install/crater_application/share/crater_application/package.bash'
[1.043s] INFO:colcon.colcon_core.shell:Creating package script '/media/sf_CRATER/Simulation02.04/install/crater_application/share/crater_application/package.zsh'
[1.047s] Level 1:colcon.colcon_core.environment:create_file_with_runtime_dependencies(/media/sf_CRATER/Simulation02.04/install/crater_application/share/colcon-core/packages/crater_application)
[1.049s] DEBUG:colcon.colcon_parallel_executor.executor.parallel:closing loop
[1.051s] DEBUG:colcon.colcon_parallel_executor.executor.parallel:loop closed
[1.053s] DEBUG:colcon.colcon_parallel_executor.executor.parallel:run_until_complete finished with '0'
[1.054s] DEBUG:colcon.colcon_core.event_reactor:joining thread
[1.070s] INFO:colcon.colcon_core.plugin_system:Skipping extension 'colcon_notification.desktop_notification.terminal_notifier': Not used on non-Darwin systems
[1.071s] INFO:colcon.colcon_core.plugin_system:Skipping extension 'colcon_notification.desktop_notification.win32': Not used on non-Windows systems
[1.071s] INFO:colcon.colcon_notification.desktop_notification:Sending desktop notification using 'notify2'
[1.088s] DEBUG:colcon.colcon_core.event_reactor:joined thread
[1.089s] INFO:colcon.colcon_core.shell:Creating prefix script '/media/sf_CRATER/Simulation02.04/install/local_setup.ps1'
[1.094s] INFO:colcon.colcon_core.shell:Creating prefix util module '/media/sf_CRATER/Simulation02.04/install/_local_setup_util_ps1.py'
[1.097s] INFO:colcon.colcon_core.shell:Creating prefix chain script '/media/sf_CRATER/Simulation02.04/install/setup.ps1'
[1.132s] INFO:colcon.colcon_core.shell:Creating prefix script '/media/sf_CRATER/Simulation02.04/install/local_setup.sh'
[1.136s] INFO:colcon.colcon_core.shell:Creating prefix util module '/media/sf_CRATER/Simulation02.04/install/_local_setup_util_sh.py'
[1.140s] INFO:colcon.colcon_core.shell:Creating prefix chain script '/media/sf_CRATER/Simulation02.04/install/setup.sh'
[1.167s] INFO:colcon.colcon_core.shell:Creating prefix script '/media/sf_CRATER/Simulation02.04/install/local_setup.bash'
[1.170s] INFO:colcon.colcon_core.shell:Creating prefix chain script '/media/sf_CRATER/Simulation02.04/install/setup.bash'
[1.190s] INFO:colcon.colcon_core.shell:Creating prefix script '/media/sf_CRATER/Simulation02.04/install/local_setup.zsh'
[1.193s] INFO:colcon.colcon_core.shell:Creating prefix chain script '/media/sf_CRATER/Simulation02.04/install/setup.zsh'
