[0.156s] Invoking command in '/media/sf_CRATER/Simulation02.04/build/crater_application': CMAKE_PREFIX_PATH=/opt/ros/humble /usr/bin/cmake /media/sf_CRATER/Simulation02.04/autonomous-controls/src/crater_gazebo/crater_application -DCMAKE_INSTALL_PREFIX=/media/sf_CRATER/Simulation02.04/install/crater_application
[0.988s] -- The C compiler identification is GNU 11.4.0
[3.167s] -- The CXX compiler identification is GNU 11.4.0
[3.271s] -- Detecting C compiler ABI info
[5.528s] -- Detecting C compiler ABI info - done
[5.685s] -- Check for working C compiler: /usr/bin/cc - skipped
[5.697s] -- Detecting C compile features
[5.709s] -- Detecting C compile features - done
[5.940s] -- Detecting CXX compiler ABI info
[7.576s] -- Detecting CXX compiler ABI info - done
[7.649s] -- Check for working CXX compiler: /usr/bin/c++ - skipped
[7.660s] -- Detecting CXX compile features
[7.669s] -- Detecting CXX compile features - done
[7.778s] -- Found ament_cmake: 1.3.14 (/opt/ros/humble/share/ament_cmake/cmake)
[8.510s] -- Found Python3: /usr/bin/python3 (found version "3.10.12") found components: Interpreter 
[9.790s] -- Configuring done
[10.542s] -- Generating done
[11.707s] -- Build files have been written to: /media/sf_CRATER/Simulation02.04/build/crater_application
[11.881s] Invoked command in '/media/sf_CRATER/Simulation02.04/build/crater_application' returned '0': CMAKE_PREFIX_PATH=/opt/ros/humble /usr/bin/cmake /media/sf_CRATER/Simulation02.04/autonomous-controls/src/crater_gazebo/crater_application -DCMAKE_INSTALL_PREFIX=/media/sf_CRATER/Simulation02.04/install/crater_application
[11.979s] Invoking command in '/media/sf_CRATER/Simulation02.04/build/crater_application': CMAKE_PREFIX_PATH=/opt/ros/humble /usr/bin/cmake --build /media/sf_CRATER/Simulation02.04/build/crater_application -- -j16 -l16
[12.008s] gmake: Warning: File 'Makefile' has modification time 0.0016 s in the future
[12.533s] gmake[1]: Warning: File 'CMakeFiles/Makefile2' has modification time 0.13 s in the future
[12.588s] gmake[1]: warning:  Clock skew detected.  Your build may be incomplete.
[12.639s] gmake: warning:  Clock skew detected.  Your build may be incomplete.
[12.672s] Invoked command in '/media/sf_CRATER/Simulation02.04/build/crater_application' returned '0': CMAKE_PREFIX_PATH=/opt/ros/humble /usr/bin/cmake --build /media/sf_CRATER/Simulation02.04/build/crater_application -- -j16 -l16
[12.700s] Invoking command in '/media/sf_CRATER/Simulation02.04/build/crater_application': CMAKE_PREFIX_PATH=/opt/ros/humble /usr/bin/cmake --install /media/sf_CRATER/Simulation02.04/build/crater_application
[12.716s] -- Install configuration: ""
[12.731s] -- Installing: /media/sf_CRATER/Simulation02.04/install/crater_application/lib/crater_application/path_from_csv_node.py
[12.770s] -- Installing: /media/sf_CRATER/Simulation02.04/install/crater_application/lib/crater_application/path_follower_node.py
[12.827s] -- Installing: /media/sf_CRATER/Simulation02.04/install/crater_application/lib/crater_application/twist_to_wheels_node.py
[12.884s] -- Installing: /media/sf_CRATER/Simulation02.04/install/crater_application/lib/crater_application/wheels_cmd_demux_node.py
[12.983s] -- Installing: /media/sf_CRATER/Simulation02.04/install/crater_application/share/crater_application/config
[13.030s] -- Installing: /media/sf_CRATER/Simulation02.04/install/crater_application/share/crater_application/config/global_path_world.csv
[13.087s] -- Installing: /media/sf_CRATER/Simulation02.04/install/crater_application/share/ament_index/resource_index/package_run_dependencies/crater_application
[13.126s] -- Installing: /media/sf_CRATER/Simulation02.04/install/crater_application/share/ament_index/resource_index/parent_prefix_path/crater_application
[13.183s] -- Installing: /media/sf_CRATER/Simulation02.04/install/crater_application/share/crater_application/environment/ament_prefix_path.sh
[13.352s] -- Installing: /media/sf_CRATER/Simulation02.04/install/crater_application/share/crater_application/environment/ament_prefix_path.dsv
[13.615s] -- Installing: /media/sf_CRATER/Simulation02.04/install/crater_application/share/crater_application/environment/path.sh
[13.665s] -- Installing: /media/sf_CRATER/Simulation02.04/install/crater_application/share/crater_application/environment/path.dsv
[13.737s] -- Installing: /media/sf_CRATER/Simulation02.04/install/crater_application/share/crater_application/local_setup.bash
[13.777s] -- Installing: /media/sf_CRATER/Simulation02.04/install/crater_application/share/crater_application/local_setup.sh
[13.849s] -- Installing: /media/sf_CRATER/Simulation02.04/install/crater_application/share/crater_application/local_setup.zsh
[14.113s] -- Installing: /media/sf_CRATER/Simulation02.04/install/crater_application/share/crater_application/local_setup.dsv
[14.152s] -- Installing: /media/sf_CRATER/Simulation02.04/install/crater_application/share/crater_application/package.dsv
[14.221s] -- Installing: /media/sf_CRATER/Simulation02.04/install/crater_application/share/ament_index/resource_index/packages/crater_application
[14.265s] -- Installing: /media/sf_CRATER/Simulation02.04/install/crater_application/share/crater_application/cmake/crater_applicationConfig.cmake
[14.305s] -- Installing: /media/sf_CRATER/Simulation02.04/install/crater_application/share/crater_application/cmake/crater_applicationConfig-version.cmake
[14.373s] -- Installing: /media/sf_CRATER/Simulation02.04/install/crater_application/share/crater_application/package.xml
[15.350s] Invoked command in '/media/sf_CRATER/Simulation02.04/build/crater_application' returned '0': CMAKE_PREFIX_PATH=/opt/ros/humble /usr/bin/cmake --install /media/sf_CRATER/Simulation02.04/build/crater_application
