-- The C compiler identification is GNU 11.4.0
-- The CXX compiler identification is GNU 11.4.0
-- Detecting C compiler ABI info
-- Detecting C compiler ABI info - done
-- Check for working C compiler: /usr/bin/cc - skipped
-- Detecting C compile features
-- Detecting C compile features - done
-- Detecting CXX compiler ABI info
-- Detecting CXX compiler ABI info - done
-- Check for working CXX compiler: /usr/bin/c++ - skipped
-- Detecting CXX compile features
-- Detecting CXX compile features - done
-- Found ament_cmake: 1.3.14 (/opt/ros/humble/share/ament_cmake/cmake)
-- Found Python3: /usr/bin/python3 (found version "3.10.12") found components: Interpreter 
-- Found ament_lint_auto: 0.12.15 (/opt/ros/humble/share/ament_lint_auto/cmake)
-- Configuring done
-- Generating done
-- Build files have been written to: /media/sf_CRATER/Simulation02.04/build/crater_description
gmake: Warning: File 'Makefile' has modification time 0.24 s in the future
gmake[1]: Warning: File 'CMakeFiles/Makefile2' has modification time 0.24 s in the future
gmake[1]: warning:  Clock skew detected.  Your build may be incomplete.
gmake: warning:  Clock skew detected.  Your build may be incomplete.
-- Install configuration: ""
-- Installing: /media/sf_CRATER/Simulation02.04/install/crater_description/share/crater_description/models
-- Installing: /media/sf_CRATER/Simulation02.04/install/crater_description/share/crater_description/models/rover
-- Installing: /media/sf_CRATER/Simulation02.04/install/crater_description/share/crater_description/models/rover/model.config
-- Installing: /media/sf_CRATER/Simulation02.04/install/crater_description/share/crater_description/models/rover/model.sdf
-- Installing: /media/sf_CRATER/Simulation02.04/install/crater_description/share/crater_description/models/rover/terby.sdf
-- Installing: /media/sf_CRATER/Simulation02.04/install/crater_description/share/crater_description/environment/crater_description.dsv
-- Installing: /media/sf_CRATER/Simulation02.04/install/crater_description/share/crater_description/environment/crater_description.sh
-- Installing: /media/sf_CRATER/Simulation02.04/install/crater_description/share/ament_index/resource_index/package_run_dependencies/crater_description
-- Installing: /media/sf_CRATER/Simulation02.04/install/crater_description/share/ament_index/resource_index/parent_prefix_path/crater_description
-- Installing: /media/sf_CRATER/Simulation02.04/install/crater_description/share/crater_description/environment/ament_prefix_path.sh
-- Installing: /media/sf_CRATER/Simulation02.04/install/crater_description/share/crater_description/environment/ament_prefix_path.dsv
-- Installing: /media/sf_CRATER/Simulation02.04/install/crater_description/share/crater_description/environment/path.sh
-- Installing: /media/sf_CRATER/Simulation02.04/install/crater_description/share/crater_description/environment/path.dsv
-- Installing: /media/sf_CRATER/Simulation02.04/install/crater_description/share/crater_description/local_setup.bash
-- Installing: /media/sf_CRATER/Simulation02.04/install/crater_description/share/crater_description/local_setup.sh
-- Installing: /media/sf_CRATER/Simulation02.04/install/crater_description/share/crater_description/local_setup.zsh
-- Installing: /media/sf_CRATER/Simulation02.04/install/crater_description/share/crater_description/local_setup.dsv
-- Installing: /media/sf_CRATER/Simulation02.04/install/crater_description/share/crater_description/package.dsv
-- Installing: /media/sf_CRATER/Simulation02.04/install/crater_description/share/ament_index/resource_index/packages/crater_description
-- Installing: /media/sf_CRATER/Simulation02.04/install/crater_description/share/crater_description/cmake/crater_descriptionConfig.cmake
-- Installing: /media/sf_CRATER/Simulation02.04/install/crater_description/share/crater_description/cmake/crater_descriptionConfig-version.cmake
-- Installing: /media/sf_CRATER/Simulation02.04/install/crater_description/share/crater_description/package.xml
