[0.144s] Invoking command in '/media/sf_CRATER/Simulation02.04/build/crater_description': CMAKE_PREFIX_PATH=/opt/ros/humble /usr/bin/cmake /media/sf_CRATER/Simulation02.04/autonomous-controls/src/crater_gazebo/crater_description -DCMAKE_INSTALL_PREFIX=/media/sf_CRATER/Simulation02.04/install/crater_description
[1.054s] -- The C compiler identification is GNU 11.4.0
[3.176s] -- The CXX compiler identification is GNU 11.4.0
[3.233s] -- Detecting C compiler ABI info
[5.581s] -- Detecting C compiler ABI info - done
[5.833s] -- Check for working C compiler: /usr/bin/cc - skipped
[5.850s] -- Detecting C compile features
[5.867s] -- Detecting C compile features - done
[5.984s] -- Detecting CXX compiler ABI info
[7.611s] -- Detecting CXX compiler ABI info - done
[7.696s] -- Check for working CXX compiler: /usr/bin/c++ - skipped
[7.702s] -- Detecting CXX compile features
[7.709s] -- Detecting CXX compile features - done
[7.795s] -- Found ament_cmake: 1.3.14 (/opt/ros/humble/share/ament_cmake/cmake)
[8.485s] -- Found Python3: /usr/bin/python3 (found version "3.10.12") found components: Interpreter 
[9.040s] -- Found ament_lint_auto: 0.12.15 (/opt/ros/humble/share/ament_lint_auto/cmake)
[9.906s] -- Configuring done
[10.492s] -- Generating done
[11.646s] -- Build files have been written to: /media/sf_CRATER/Simulation02.04/build/crater_description
[11.657s] Invoked command in '/media/sf_CRATER/Simulation02.04/build/crater_description' returned '0': CMAKE_PREFIX_PATH=/opt/ros/humble /usr/bin/cmake /media/sf_CRATER/Simulation02.04/autonomous-controls/src/crater_gazebo/crater_description -DCMAKE_INSTALL_PREFIX=/media/sf_CRATER/Simulation02.04/install/crater_description
[11.887s] Invoking command in '/media/sf_CRATER/Simulation02.04/build/crater_description': CMAKE_PREFIX_PATH=/opt/ros/humble /usr/bin/cmake --build /media/sf_CRATER/Simulation02.04/build/crater_description -- -j16 -l16
[11.963s] gmake: Warning: File 'Makefile' has modification time 0.24 s in the future
[12.195s] gmake[1]: Warning: File 'CMakeFiles/Makefile2' has modification time 0.24 s in the future
[12.202s] gmake[1]: warning:  Clock skew detected.  Your build may be incomplete.
[12.248s] gmake: warning:  Clock skew detected.  Your build may be incomplete.
[12.310s] Invoked command in '/media/sf_CRATER/Simulation02.04/build/crater_description' returned '0': CMAKE_PREFIX_PATH=/opt/ros/humble /usr/bin/cmake --build /media/sf_CRATER/Simulation02.04/build/crater_description -- -j16 -l16
[12.635s] Invoking command in '/media/sf_CRATER/Simulation02.04/build/crater_description': CMAKE_PREFIX_PATH=/opt/ros/humble /usr/bin/cmake --install /media/sf_CRATER/Simulation02.04/build/crater_description
[12.673s] -- Install configuration: ""
[12.682s] -- Installing: /media/sf_CRATER/Simulation02.04/install/crater_description/share/crater_description/models
[12.699s] -- Installing: /media/sf_CRATER/Simulation02.04/install/crater_description/share/crater_description/models/rover
[12.713s] -- Installing: /media/sf_CRATER/Simulation02.04/install/crater_description/share/crater_description/models/rover/model.config
[12.731s] -- Installing: /media/sf_CRATER/Simulation02.04/install/crater_description/share/crater_description/models/rover/model.sdf
[12.762s] -- Installing: /media/sf_CRATER/Simulation02.04/install/crater_description/share/crater_description/models/rover/terby.sdf
[12.834s] -- Installing: /media/sf_CRATER/Simulation02.04/install/crater_description/share/crater_description/environment/crater_description.dsv
[12.911s] -- Installing: /media/sf_CRATER/Simulation02.04/install/crater_description/share/crater_description/environment/crater_description.sh
[13.040s] -- Installing: /media/sf_CRATER/Simulation02.04/install/crater_description/share/ament_index/resource_index/package_run_dependencies/crater_description
[13.077s] -- Installing: /media/sf_CRATER/Simulation02.04/install/crater_description/share/ament_index/resource_index/parent_prefix_path/crater_description
[13.111s] -- Installing: /media/sf_CRATER/Simulation02.04/install/crater_description/share/crater_description/environment/ament_prefix_path.sh
[13.137s] -- Installing: /media/sf_CRATER/Simulation02.04/install/crater_description/share/crater_description/environment/ament_prefix_path.dsv
[13.182s] -- Installing: /media/sf_CRATER/Simulation02.04/install/crater_description/share/crater_description/environment/path.sh
[13.328s] -- Installing: /media/sf_CRATER/Simulation02.04/install/crater_description/share/crater_description/environment/path.dsv
[13.594s] -- Installing: /media/sf_CRATER/Simulation02.04/install/crater_description/share/crater_description/local_setup.bash
[13.724s] -- Installing: /media/sf_CRATER/Simulation02.04/install/crater_description/share/crater_description/local_setup.sh
[13.777s] -- Installing: /media/sf_CRATER/Simulation02.04/install/crater_description/share/crater_description/local_setup.zsh
[13.819s] -- Installing: /media/sf_CRATER/Simulation02.04/install/crater_description/share/crater_description/local_setup.dsv
[13.983s] -- Installing: /media/sf_CRATER/Simulation02.04/install/crater_description/share/crater_description/package.dsv
[14.178s] -- Installing: /media/sf_CRATER/Simulation02.04/install/crater_description/share/ament_index/resource_index/packages/crater_description
[14.224s] -- Installing: /media/sf_CRATER/Simulation02.04/install/crater_description/share/crater_description/cmake/crater_descriptionConfig.cmake
[14.257s] -- Installing: /media/sf_CRATER/Simulation02.04/install/crater_description/share/crater_description/cmake/crater_descriptionConfig-version.cmake
[14.312s] -- Installing: /media/sf_CRATER/Simulation02.04/install/crater_description/share/crater_description/package.xml
[14.373s] Invoked command in '/media/sf_CRATER/Simulation02.04/build/crater_description' returned '0': CMAKE_PREFIX_PATH=/opt/ros/humble /usr/bin/cmake --install /media/sf_CRATER/Simulation02.04/build/crater_description
