[0.795s] Invoking command in '/media/sf_CRATER/Simulation02.04/build/state_estimation': CMAKE_PREFIX_PATH=/opt/ros/humble /usr/bin/cmake /media/sf_CRATER/Simulation02.04/autonomous-controls/src/state_estimation -DCMAKE_INSTALL_PREFIX=/media/sf_CRATER/Simulation02.04/install/state_estimation
[2.063s] -- The C compiler identification is GNU 11.4.0
[3.103s] -- The CXX compiler identification is GNU 11.4.0
[3.199s] -- Detecting C compiler ABI info
[5.453s] -- Detecting C compiler ABI info - done
[5.644s] -- Check for working C compiler: /usr/bin/cc - skipped
[5.667s] -- Detecting C compile features
[5.679s] -- Detecting C compile features - done
[5.848s] -- Detecting CXX compiler ABI info
[7.524s] -- Detecting CXX compiler ABI info - done
[7.686s] -- Check for working CXX compiler: /usr/bin/c++ - skipped
[7.687s] -- Detecting CXX compile features
[7.689s] -- Detecting CXX compile features - done
[7.699s] -- Found ament_cmake: 1.3.14 (/opt/ros/humble/share/ament_cmake/cmake)
[8.402s] -- Found Python3: /usr/bin/python3 (found version "3.10.12") found components: Interpreter 
[8.951s] -- Found rclcpp: 16.0.19 (/opt/ros/humble/share/rclcpp/cmake)
[9.208s] -- Found rosidl_generator_c: 3.1.8 (/opt/ros/humble/share/rosidl_generator_c/cmake)
[9.383s] -- Found rosidl_adapter: 3.1.8 (/opt/ros/humble/share/rosidl_adapter/cmake)
[9.442s] -- Found rosidl_generator_cpp: 3.1.8 (/opt/ros/humble/share/rosidl_generator_cpp/cmake)
[9.547s] -- Using all available rosidl_typesupport_c: rosidl_typesupport_fastrtps_c;rosidl_typesupport_introspection_c
[9.636s] -- Using all available rosidl_typesupport_cpp: rosidl_typesupport_fastrtps_cpp;rosidl_typesupport_introspection_cpp
[9.956s] -- Found rmw_implementation_cmake: 6.1.2 (/opt/ros/humble/share/rmw_implementation_cmake/cmake)
[10.000s] -- Found rmw_fastrtps_cpp: 6.2.10 (/opt/ros/humble/share/rmw_fastrtps_cpp/cmake)
[11.373s] -- Found OpenSSL: /usr/lib/x86_64-linux-gnu/libcrypto.so (found version "3.0.2")  
[11.439s] -- Found FastRTPS: /opt/ros/humble/include  
[11.561s] -- Using RMW implementation 'rmw_fastrtps_cpp' as default
[11.945s] -- Looking for pthread.h
[14.174s] -- Looking for pthread.h - found
[14.197s] -- Performing Test CMAKE_HAVE_LIBC_PTHREAD
[15.196s] -- Performing Test CMAKE_HAVE_LIBC_PTHREAD - Success
[15.203s] -- Found Threads: TRUE  
[15.323s] -- Found ament_lint_auto: 0.12.15 (/opt/ros/humble/share/ament_lint_auto/cmake)
[15.821s] -- Added test 'flake8' to check Python code syntax and style conventions
[15.849s] -- Added test 'lint_cmake' to check CMake code style
[15.881s] -- Added test 'pep257' to check Python code against some of the docstring style conventions in PEP 257
[15.988s] -- Added test 'xmllint' to check XML markup files
[16.049s] -- Configuring done
[16.311s] -- Generating done
[16.472s] -- Build files have been written to: /media/sf_CRATER/Simulation02.04/build/state_estimation
[16.486s] Invoked command in '/media/sf_CRATER/Simulation02.04/build/state_estimation' returned '0': CMAKE_PREFIX_PATH=/opt/ros/humble /usr/bin/cmake /media/sf_CRATER/Simulation02.04/autonomous-controls/src/state_estimation -DCMAKE_INSTALL_PREFIX=/media/sf_CRATER/Simulation02.04/install/state_estimation
[16.496s] Invoking command in '/media/sf_CRATER/Simulation02.04/build/state_estimation': CMAKE_PREFIX_PATH=/opt/ros/humble /usr/bin/cmake --build /media/sf_CRATER/Simulation02.04/build/state_estimation -- -j16 -l16
[16.528s] gmake: Warning: File 'Makefile' has modification time 1.4 s in the future
[16.666s] gmake[1]: Warning: File 'CMakeFiles/Makefile2' has modification time 1.4 s in the future
[16.668s] gmake[1]: warning:  Clock skew detected.  Your build may be incomplete.
[16.677s] gmake: warning:  Clock skew detected.  Your build may be incomplete.
[16.722s] Invoked command in '/media/sf_CRATER/Simulation02.04/build/state_estimation' returned '0': CMAKE_PREFIX_PATH=/opt/ros/humble /usr/bin/cmake --build /media/sf_CRATER/Simulation02.04/build/state_estimation -- -j16 -l16
[16.767s] Invoking command in '/media/sf_CRATER/Simulation02.04/build/state_estimation': CMAKE_PREFIX_PATH=/opt/ros/humble /usr/bin/cmake --install /media/sf_CRATER/Simulation02.04/build/state_estimation
[16.778s] -- Install configuration: ""
[16.782s] -- Installing: /media/sf_CRATER/Simulation02.04/install/state_estimation/share/state_estimation/config
[16.799s] -- Installing: /media/sf_CRATER/Simulation02.04/install/state_estimation/share/state_estimation/config/ekf.yaml
[16.824s] -- Installing: /media/sf_CRATER/Simulation02.04/install/state_estimation/share/state_estimation/description
[16.833s] -- Installing: /media/sf_CRATER/Simulation02.04/install/state_estimation/share/state_estimation/description/rover_model.urdf
[16.941s] -- Installing: /media/sf_CRATER/Simulation02.04/install/state_estimation/share/ament_index/resource_index/package_run_dependencies/state_estimation
[16.971s] -- Installing: /media/sf_CRATER/Simulation02.04/install/state_estimation/share/ament_index/resource_index/parent_prefix_path/state_estimation
[16.989s] -- Installing: /media/sf_CRATER/Simulation02.04/install/state_estimation/share/state_estimation/environment/ament_prefix_path.sh
[17.009s] -- Installing: /media/sf_CRATER/Simulation02.04/install/state_estimation/share/state_estimation/environment/ament_prefix_path.dsv
[17.022s] -- Installing: /media/sf_CRATER/Simulation02.04/install/state_estimation/share/state_estimation/environment/path.sh
[17.036s] -- Installing: /media/sf_CRATER/Simulation02.04/install/state_estimation/share/state_estimation/environment/path.dsv
[17.049s] -- Installing: /media/sf_CRATER/Simulation02.04/install/state_estimation/share/state_estimation/local_setup.bash
[17.059s] -- Installing: /media/sf_CRATER/Simulation02.04/install/state_estimation/share/state_estimation/local_setup.sh
[17.070s] -- Installing: /media/sf_CRATER/Simulation02.04/install/state_estimation/share/state_estimation/local_setup.zsh
[17.081s] -- Installing: /media/sf_CRATER/Simulation02.04/install/state_estimation/share/state_estimation/local_setup.dsv
[17.094s] -- Installing: /media/sf_CRATER/Simulation02.04/install/state_estimation/share/state_estimation/package.dsv
[17.109s] -- Installing: /media/sf_CRATER/Simulation02.04/install/state_estimation/share/ament_index/resource_index/packages/state_estimation
[17.137s] -- Installing: /media/sf_CRATER/Simulation02.04/install/state_estimation/share/state_estimation/cmake/state_estimationConfig.cmake
[17.154s] -- Installing: /media/sf_CRATER/Simulation02.04/install/state_estimation/share/state_estimation/cmake/state_estimationConfig-version.cmake
[17.173s] -- Installing: /media/sf_CRATER/Simulation02.04/install/state_estimation/share/state_estimation/package.xml
[17.336s] Invoked command in '/media/sf_CRATER/Simulation02.04/build/state_estimation' returned '0': CMAKE_PREFIX_PATH=/opt/ros/humble /usr/bin/cmake --install /media/sf_CRATER/Simulation02.04/build/state_estimation
