[0.092s] Invoking command in '/media/sf_CRATER/Simulation02.04/build/crater_bringup': AMENT_PREFIX_PATH=/media/sf_CRATER/Simulation02.04/install/crater_simulator:/media/sf_CRATER/Simulation02.04/install/crater_global_planner:/media/sf_CRATER/Simulation02.04/install/crater_description:/media/sf_CRATER/Simulation02.04/install/crater_application:${AMENT_PREFIX_PATH} CMAKE_PREFIX_PATH=/media/sf_CRATER/Simulation02.04/install/crater_simulator:/media/sf_CRATER/Simulation02.04/install/crater_global_planner:/media/sf_CRATER/Simulation02.04/install/crater_description:/media/sf_CRATER/Simulation02.04/install/crater_application:/opt/ros/humble GZ_SIM_PLUGIN_PATH=/media/sf_CRATER/Simulation02.04/install/crater_simulator/lib/crater_simulator GZ_SIM_RESOURCE_PATH=/media/sf_CRATER/Simulation02.04/install/crater_simulator/share/crater_simulator/worlds:/media/sf_CRATER/Simulation02.04/install/crater_description/share/crater_description/models /usr/bin/cmake /media/sf_CRATER/Simulation02.04/autonomous-controls/src/crater_gazebo/crater_bringup -DCMAKE_INSTALL_PREFIX=/media/sf_CRATER/Simulation02.04/install/crater_bringup
[0.220s] -- The C compiler identification is GNU 11.4.0
[0.325s] -- The CXX compiler identification is GNU 11.4.0
[0.344s] -- Detecting C compiler ABI info
[0.573s] -- Detecting C compiler ABI info - done
[0.585s] -- Check for working C compiler: /usr/bin/cc - skipped
[0.586s] -- Detecting C compile features
[0.587s] -- Detecting C compile features - done
[0.597s] -- Detecting CXX compiler ABI info
[0.839s] -- Detecting CXX compiler ABI info - done
[0.851s] -- Check for working CXX compiler: /usr/bin/c++ - skipped
[0.852s] -- Detecting CXX compile features
[0.853s] -- Detecting CXX compile features - done
[0.887s] -- Found ament_cmake: 1.3.14 (/opt/ros/humble/share/ament_cmake/cmake)
[1.078s] -- Found Python3: /usr/bin/python3 (found version "3.10.12") found components: Interpreter 
[1.534s] -- Found crater_description: 0.0.0 (/media/sf_CRATER/Simulation02.04/install/crater_description/share/crater_description/cmake)
[1.544s] -- Found crater_simulator: 0.0.0 (/media/sf_CRATER/Simulation02.04/install/crater_simulator/share/crater_simulator/cmake)
[1.567s] -- Found crater_application: 0.0.0 (/media/sf_CRATER/Simulation02.04/install/crater_application/share/crater_application/cmake)
[1.604s] -- Found ament_lint_auto: 0.12.15 (/opt/ros/humble/share/ament_lint_auto/cmake)
[1.803s] -- Configuring done
[1.900s] -- Generating done
[2.003s] -- Build files have been written to: /media/sf_CRATER/Simulation02.04/build/crater_bringup
[2.007s] Invoked command in '/media/sf_CRATER/Simulation02.04/build/crater_bringup' returned '0': AMENT_PREFIX_PATH=/media/sf_CRATER/Simulation02.04/install/crater_simulator:/media/sf_CRATER/Simulation02.04/install/crater_global_planner:/media/sf_CRATER/Simulation02.04/install/crater_description:/media/sf_CRATER/Simulation02.04/install/crater_application:${AMENT_PREFIX_PATH} CMAKE_PREFIX_PATH=/media/sf_CRATER/Simulation02.04/install/crater_simulator:/media/sf_CRATER/Simulation02.04/install/crater_global_planner:/media/sf_CRATER/Simulation02.04/install/crater_description:/media/sf_CRATER/Simulation02.04/install/crater_application:/opt/ros/humble GZ_SIM_PLUGIN_PATH=/media/sf_CRATER/Simulation02.04/install/crater_simulator/lib/crater_simulator GZ_SIM_RESOURCE_PATH=/media/sf_CRATER/Simulation02.04/install/crater_simulator/share/crater_simulator/worlds:/media/sf_CRATER/Simulation02.04/install/crater_description/share/crater_description/models /usr/bin/cmake /media/sf_CRATER/Simulation02.04/autonomous-controls/src/crater_gazebo/crater_bringup -DCMAKE_INSTALL_PREFIX=/media/sf_CRATER/Simulation02.04/install/crater_bringup
[2.013s] Invoking command in '/media/sf_CRATER/Simulation02.04/build/crater_bringup': AMENT_PREFIX_PATH=/media/sf_CRATER/Simulation02.04/install/crater_simulator:/media/sf_CRATER/Simulation02.04/install/crater_global_planner:/media/sf_CRATER/Simulation02.04/install/crater_description:/media/sf_CRATER/Simulation02.04/install/crater_application:${AMENT_PREFIX_PATH} CMAKE_PREFIX_PATH=/media/sf_CRATER/Simulation02.04/install/crater_simulator:/media/sf_CRATER/Simulation02.04/install/crater_global_planner:/media/sf_CRATER/Simulation02.04/install/crater_description:/media/sf_CRATER/Simulation02.04/install/crater_application:/opt/ros/humble GZ_SIM_PLUGIN_PATH=/media/sf_CRATER/Simulation02.04/install/crater_simulator/lib/crater_simulator GZ_SIM_RESOURCE_PATH=/media/sf_CRATER/Simulation02.04/install/crater_simulator/share/crater_simulator/worlds:/media/sf_CRATER/Simulation02.04/install/crater_description/share/crater_description/models /usr/bin/cmake --build /media/sf_CRATER/Simulation02.04/build/crater_bringup -- -j16 -l16
[2.028s] gmake: Warning: File 'Makefile' has modification time 1.6 s in the future
[2.076s] gmake[1]: Warning: File 'CMakeFiles/Makefile2' has modification time 1.6 s in the future
[2.077s] gmake[1]: warning:  Clock skew detected.  Your build may be incomplete.
[2.087s] gmake: warning:  Clock skew detected.  Your build may be incomplete.
[2.089s] Invoked command in '/media/sf_CRATER/Simulation02.04/build/crater_bringup' returned '0': AMENT_PREFIX_PATH=/media/sf_CRATER/Simulation02.04/install/crater_simulator:/media/sf_CRATER/Simulation02.04/install/crater_global_planner:/media/sf_CRATER/Simulation02.04/install/crater_description:/media/sf_CRATER/Simulation02.04/install/crater_application:${AMENT_PREFIX_PATH} CMAKE_PREFIX_PATH=/media/sf_CRATER/Simulation02.04/install/crater_simulator:/media/sf_CRATER/Simulation02.04/install/crater_global_planner:/media/sf_CRATER/Simulation02.04/install/crater_description:/media/sf_CRATER/Simulation02.04/install/crater_application:/opt/ros/humble GZ_SIM_PLUGIN_PATH=/media/sf_CRATER/Simulation02.04/install/crater_simulator/lib/crater_simulator GZ_SIM_RESOURCE_PATH=/media/sf_CRATER/Simulation02.04/install/crater_simulator/share/crater_simulator/worlds:/media/sf_CRATER/Simulation02.04/install/crater_description/share/crater_description/models /usr/bin/cmake --build /media/sf_CRATER/Simulation02.04/build/crater_bringup -- -j16 -l16
[2.097s] Invoking command in '/media/sf_CRATER/Simulation02.04/build/crater_bringup': AMENT_PREFIX_PATH=/media/sf_CRATER/Simulation02.04/install/crater_simulator:/media/sf_CRATER/Simulation02.04/install/crater_global_planner:/media/sf_CRATER/Simulation02.04/install/crater_description:/media/sf_CRATER/Simulation02.04/install/crater_application:${AMENT_PREFIX_PATH} CMAKE_PREFIX_PATH=/media/sf_CRATER/Simulation02.04/install/crater_simulator:/media/sf_CRATER/Simulation02.04/install/crater_global_planner:/media/sf_CRATER/Simulation02.04/install/crater_description:/media/sf_CRATER/Simulation02.04/install/crater_application:/opt/ros/humble GZ_SIM_PLUGIN_PATH=/media/sf_CRATER/Simulation02.04/install/crater_simulator/lib/crater_simulator GZ_SIM_RESOURCE_PATH=/media/sf_CRATER/Simulation02.04/install/crater_simulator/share/crater_simulator/worlds:/media/sf_CRATER/Simulation02.04/install/crater_description/share/crater_description/models /usr/bin/cmake --install /media/sf_CRATER/Simulation02.04/build/crater_bringup
[2.107s] -- Install configuration: ""
[2.111s] -- Installing: /media/sf_CRATER/Simulation02.04/install/crater_bringup/share/crater_bringup/launch
[2.117s] -- Installing: /media/sf_CRATER/Simulation02.04/install/crater_bringup/share/crater_bringup/launch/rover.launch.py
[2.127s] -- Installing: /media/sf_CRATER/Simulation02.04/install/crater_bringup/share/crater_bringup/config
[2.131s] -- Installing: /media/sf_CRATER/Simulation02.04/install/crater_bringup/share/crater_bringup/config/crater_bridge.yaml
[2.141s] -- Installing: /media/sf_CRATER/Simulation02.04/install/crater_bringup/share/crater_bringup/config/rover.rviz
[2.155s] -- Installing: /media/sf_CRATER/Simulation02.04/install/crater_bringup/share/ament_index/resource_index/package_run_dependencies/crater_bringup
[2.164s] -- Installing: /media/sf_CRATER/Simulation02.04/install/crater_bringup/share/ament_index/resource_index/parent_prefix_path/crater_bringup
[2.173s] -- Installing: /media/sf_CRATER/Simulation02.04/install/crater_bringup/share/crater_bringup/environment/ament_prefix_path.sh
[2.180s] -- Installing: /media/sf_CRATER/Simulation02.04/install/crater_bringup/share/crater_bringup/environment/ament_prefix_path.dsv
[2.188s] -- Installing: /media/sf_CRATER/Simulation02.04/install/crater_bringup/share/crater_bringup/environment/path.sh
[2.196s] -- Installing: /media/sf_CRATER/Simulation02.04/install/crater_bringup/share/crater_bringup/environment/path.dsv
[2.202s] -- Installing: /media/sf_CRATER/Simulation02.04/install/crater_bringup/share/crater_bringup/local_setup.bash
[2.211s] -- Installing: /media/sf_CRATER/Simulation02.04/install/crater_bringup/share/crater_bringup/local_setup.sh
[2.219s] -- Installing: /media/sf_CRATER/Simulation02.04/install/crater_bringup/share/crater_bringup/local_setup.zsh
[2.227s] -- Installing: /media/sf_CRATER/Simulation02.04/install/crater_bringup/share/crater_bringup/local_setup.dsv
[2.235s] -- Installing: /media/sf_CRATER/Simulation02.04/install/crater_bringup/share/crater_bringup/package.dsv
[2.244s] -- Installing: /media/sf_CRATER/Simulation02.04/install/crater_bringup/share/ament_index/resource_index/packages/crater_bringup
[2.256s] -- Installing: /media/sf_CRATER/Simulation02.04/install/crater_bringup/share/crater_bringup/cmake/crater_bringupConfig.cmake
[2.266s] -- Installing: /media/sf_CRATER/Simulation02.04/install/crater_bringup/share/crater_bringup/cmake/crater_bringupConfig-version.cmake
[2.274s] -- Installing: /media/sf_CRATER/Simulation02.04/install/crater_bringup/share/crater_bringup/package.xml
[2.286s] Invoked command in '/media/sf_CRATER/Simulation02.04/build/crater_bringup' returned '0': AMENT_PREFIX_PATH=/media/sf_CRATER/Simulation02.04/install/crater_simulator:/media/sf_CRATER/Simulation02.04/install/crater_global_planner:/media/sf_CRATER/Simulation02.04/install/crater_description:/media/sf_CRATER/Simulation02.04/install/crater_application:${AMENT_PREFIX_PATH} CMAKE_PREFIX_PATH=/media/sf_CRATER/Simulation02.04/install/crater_simulator:/media/sf_CRATER/Simulation02.04/install/crater_global_planner:/media/sf_CRATER/Simulation02.04/install/crater_description:/media/sf_CRATER/Simulation02.04/install/crater_application:/opt/ros/humble GZ_SIM_PLUGIN_PATH=/media/sf_CRATER/Simulation02.04/install/crater_simulator/lib/crater_simulator GZ_SIM_RESOURCE_PATH=/media/sf_CRATER/Simulation02.04/install/crater_simulator/share/crater_simulator/worlds:/media/sf_CRATER/Simulation02.04/install/crater_description/share/crater_description/models /usr/bin/cmake --install /media/sf_CRATER/Simulation02.04/build/crater_bringup
