-- Install configuration: ""
-- Up-to-date: /media/sf_CRATER/Simulation02.04/install/crater_bringup/share/crater_bringup/launch
-- Up-to-date: /media/sf_CRATER/Simulation02.04/install/crater_bringup/share/crater_bringup/launch/rover.launch.py
-- Up-to-date: /media/sf_CRATER/Simulation02.04/install/crater_bringup/share/crater_bringup/config
-- Up-to-date: /media/sf_CRATER/Simulation02.04/install/crater_bringup/share/crater_bringup/config/crater_bridge.yaml
-- Up-to-date: /media/sf_CRATER/Simulation02.04/install/crater_bringup/share/crater_bringup/config/rover.rviz
-- Up-to-date: /media/sf_CRATER/Simulation02.04/install/crater_bringup/share/ament_index/resource_index/package_run_dependencies/crater_bringup
-- Up-to-date: /media/sf_CRATER/Simulation02.04/install/crater_bringup/share/ament_index/resource_index/parent_prefix_path/crater_bringup
-- Up-to-date: /media/sf_CRATER/Simulation02.04/install/crater_bringup/share/crater_bringup/environment/ament_prefix_path.sh
-- Up-to-date: /media/sf_CRATER/Simulation02.04/install/crater_bringup/share/crater_bringup/environment/ament_prefix_path.dsv
-- Up-to-date: /media/sf_CRATER/Simulation02.04/install/crater_bringup/share/crater_bringup/environment/path.sh
-- Up-to-date: /media/sf_CRATER/Simulation02.04/install/crater_bringup/share/crater_bringup/environment/path.dsv
-- Up-to-date: /media/sf_CRATER/Simulation02.04/install/crater_bringup/share/crater_bringup/local_setup.bash
-- Up-to-date: /media/sf_CRATER/Simulation02.04/install/crater_bringup/share/crater_bringup/local_setup.sh
-- Up-to-date: /media/sf_CRATER/Simulation02.04/install/crater_bringup/share/crater_bringup/local_setup.zsh
-- Up-to-date: /media/sf_CRATER/Simulation02.04/install/crater_bringup/share/crater_bringup/local_setup.dsv
-- Up-to-date: /media/sf_CRATER/Simulation02.04/install/crater_bringup/share/crater_bringup/package.dsv
-- Up-to-date: /media/sf_CRATER/Simulation02.04/install/crater_bringup/share/ament_index/resource_index/packages/crater_bringup
-- Up-to-date: /media/sf_CRATER/Simulation02.04/install/crater_bringup/share/crater_bringup/cmake/crater_bringupConfig.cmake
-- Up-to-date: /media/sf_CRATER/Simulation02.04/install/crater_bringup/share/crater_bringup/cmake/crater_bringupConfig-version.cmake
-- Up-to-date: /media/sf_CRATER/Simulation02.04/install/crater_bringup/share/crater_bringup/package.xml
