[0.217s] Invoking command in '/media/sf_CRATER/Simulation02.04/build/crater_bringup': CMAKE_PREFIX_PATH=/media/sf_CRATER/Simulation02.04/install/crater_simulator:/media/sf_CRATER/Simulation02.04/install/crater_global_planner:/media/sf_CRATER/Simulation02.04/install/crater_description:/media/sf_CRATER/Simulation02.04/install/crater_application:/media/sf_CRATER/Simulation02.04/install/state_estimation:/media/sf_CRATER/Simulation02.04/install/global-planner:/media/sf_CRATER/Simulation02.04/install/crater_bringup:/media/sf_CRATER/Simulation02.04/install/crater_local_planner:/media/sf_CRATER/Simulation02.04/install/crater_aruco:/opt/ros/humble GZ_SIM_PLUGIN_PATH=/media/sf_CRATER/Simulation02.04/install/crater_simulator/lib/crater_simulator GZ_SIM_RESOURCE_PATH=/media/sf_CRATER/Simulation02.04/install/crater_description/share/crater_description/models:${GZ_SIM_RESOURCE_PATH} /usr/bin/cmake --build /media/sf_CRATER/Simulation02.04/build/crater_bringup -- -j16 -l16
[0.316s] Invoked command in '/media/sf_CRATER/Simulation02.04/build/crater_bringup' returned '0': CMAKE_PREFIX_PATH=/media/sf_CRATER/Simulation02.04/install/crater_simulator:/media/sf_CRATER/Simulation02.04/install/crater_global_planner:/media/sf_CRATER/Simulation02.04/install/crater_description:/media/sf_CRATER/Simulation02.04/install/crater_application:/media/sf_CRATER/Simulation02.04/install/state_estimation:/media/sf_CRATER/Simulation02.04/install/global-planner:/media/sf_CRATER/Simulation02.04/install/crater_bringup:/media/sf_CRATER/Simulation02.04/install/crater_local_planner:/media/sf_CRATER/Simulation02.04/install/crater_aruco:/opt/ros/humble GZ_SIM_PLUGIN_PATH=/media/sf_CRATER/Simulation02.04/install/crater_simulator/lib/crater_simulator GZ_SIM_RESOURCE_PATH=/media/sf_CRATER/Simulation02.04/install/crater_description/share/crater_description/models:${GZ_SIM_RESOURCE_PATH} /usr/bin/cmake --build /media/sf_CRATER/Simulation02.04/build/crater_bringup -- -j16 -l16
[0.342s] Invoking command in '/media/sf_CRATER/Simulation02.04/build/crater_bringup': CMAKE_PREFIX_PATH=/media/sf_CRATER/Simulation02.04/install/crater_simulator:/media/sf_CRATER/Simulation02.04/install/crater_global_planner:/media/sf_CRATER/Simulation02.04/install/crater_description:/media/sf_CRATER/Simulation02.04/install/crater_application:/media/sf_CRATER/Simulation02.04/install/state_estimation:/media/sf_CRATER/Simulation02.04/install/global-planner:/media/sf_CRATER/Simulation02.04/install/crater_bringup:/media/sf_CRATER/Simulation02.04/install/crater_local_planner:/media/sf_CRATER/Simulation02.04/install/crater_aruco:/opt/ros/humble GZ_SIM_PLUGIN_PATH=/media/sf_CRATER/Simulation02.04/install/crater_simulator/lib/crater_simulator GZ_SIM_RESOURCE_PATH=/media/sf_CRATER/Simulation02.04/install/crater_description/share/crater_description/models:${GZ_SIM_RESOURCE_PATH} /usr/bin/cmake --install /media/sf_CRATER/Simulation02.04/build/crater_bringup
[0.363s] -- Install configuration: ""
[0.364s] -- Up-to-date: /media/sf_CRATER/Simulation02.04/install/crater_bringup/share/crater_bringup/launch
[0.367s] -- Up-to-date: /media/sf_CRATER/Simulation02.04/install/crater_bringup/share/crater_bringup/launch/rover.launch.py
[0.368s] -- Up-to-date: /media/sf_CRATER/Simulation02.04/install/crater_bringup/share/crater_bringup/config
[0.372s] -- Up-to-date: /media/sf_CRATER/Simulation02.04/install/crater_bringup/share/crater_bringup/config/crater_bridge.yaml
[0.375s] -- Up-to-date: /media/sf_CRATER/Simulation02.04/install/crater_bringup/share/crater_bringup/config/rover.rviz
[0.378s] -- Up-to-date: /media/sf_CRATER/Simulation02.04/install/crater_bringup/share/ament_index/resource_index/package_run_dependencies/crater_bringup
[0.380s] -- Up-to-date: /media/sf_CRATER/Simulation02.04/install/crater_bringup/share/ament_index/resource_index/parent_prefix_path/crater_bringup
[0.381s] -- Up-to-date: /media/sf_CRATER/Simulation02.04/install/crater_bringup/share/crater_bringup/environment/ament_prefix_path.sh
[0.386s] -- Up-to-date: /media/sf_CRATER/Simulation02.04/install/crater_bringup/share/crater_bringup/environment/ament_prefix_path.dsv
[0.387s] -- Up-to-date: /media/sf_CRATER/Simulation02.04/install/crater_bringup/share/crater_bringup/environment/path.sh
[0.390s] -- Up-to-date: /media/sf_CRATER/Simulation02.04/install/crater_bringup/share/crater_bringup/environment/path.dsv
[0.392s] -- Up-to-date: /media/sf_CRATER/Simulation02.04/install/crater_bringup/share/crater_bringup/local_setup.bash
[0.394s] -- Up-to-date: /media/sf_CRATER/Simulation02.04/install/crater_bringup/share/crater_bringup/local_setup.sh
[0.395s] -- Up-to-date: /media/sf_CRATER/Simulation02.04/install/crater_bringup/share/crater_bringup/local_setup.zsh
[0.397s] -- Up-to-date: /media/sf_CRATER/Simulation02.04/install/crater_bringup/share/crater_bringup/local_setup.dsv
[0.399s] -- Up-to-date: /media/sf_CRATER/Simulation02.04/install/crater_bringup/share/crater_bringup/package.dsv
[0.400s] -- Up-to-date: /media/sf_CRATER/Simulation02.04/install/crater_bringup/share/ament_index/resource_index/packages/crater_bringup
[0.401s] -- Up-to-date: /media/sf_CRATER/Simulation02.04/install/crater_bringup/share/crater_bringup/cmake/crater_bringupConfig.cmake
[0.403s] -- Up-to-date: /media/sf_CRATER/Simulation02.04/install/crater_bringup/share/crater_bringup/cmake/crater_bringupConfig-version.cmake
[0.405s] -- Up-to-date: /media/sf_CRATER/Simulation02.04/install/crater_bringup/share/crater_bringup/package.xml
[0.412s] Invoked command in '/media/sf_CRATER/Simulation02.04/build/crater_bringup' returned '0': CMAKE_PREFIX_PATH=/media/sf_CRATER/Simulation02.04/install/crater_simulator:/media/sf_CRATER/Simulation02.04/install/crater_global_planner:/media/sf_CRATER/Simulation02.04/install/crater_description:/media/sf_CRATER/Simulation02.04/install/crater_application:/media/sf_CRATER/Simulation02.04/install/state_estimation:/media/sf_CRATER/Simulation02.04/install/global-planner:/media/sf_CRATER/Simulation02.04/install/crater_bringup:/media/sf_CRATER/Simulation02.04/install/crater_local_planner:/media/sf_CRATER/Simulation02.04/install/crater_aruco:/opt/ros/humble GZ_SIM_PLUGIN_PATH=/media/sf_CRATER/Simulation02.04/install/crater_simulator/lib/crater_simulator GZ_SIM_RESOURCE_PATH=/media/sf_CRATER/Simulation02.04/install/crater_description/share/crater_description/models:${GZ_SIM_RESOURCE_PATH} /usr/bin/cmake --install /media/sf_CRATER/Simulation02.04/build/crater_bringup
