-- Install configuration: ""
-- Up-to-date: /media/sf_CRATER/Simulation02.04/install/state_estimation/share/state_estimation/config
-- Up-to-date: /media/sf_CRATER/Simulation02.04/install/state_estimation/share/state_estimation/config/ekf.yaml
-- Up-to-date: /media/sf_CRATER/Simulation02.04/install/state_estimation/share/state_estimation/description
-- Up-to-date: /media/sf_CRATER/Simulation02.04/install/state_estimation/share/state_estimation/description/rover_model.urdf
-- Up-to-date: /media/sf_CRATER/Simulation02.04/install/state_estimation/share/ament_index/resource_index/package_run_dependencies/state_estimation
-- Up-to-date: /media/sf_CRATER/Simulation02.04/install/state_estimation/share/ament_index/resource_index/parent_prefix_path/state_estimation
-- Up-to-date: /media/sf_CRATER/Simulation02.04/install/state_estimation/share/state_estimation/environment/ament_prefix_path.sh
-- Up-to-date: /media/sf_CRATER/Simulation02.04/install/state_estimation/share/state_estimation/environment/ament_prefix_path.dsv
-- Up-to-date: /media/sf_CRATER/Simulation02.04/install/state_estimation/share/state_estimation/environment/path.sh
-- Up-to-date: /media/sf_CRATER/Simulation02.04/install/state_estimation/share/state_estimation/environment/path.dsv
-- Up-to-date: /media/sf_CRATER/Simulation02.04/install/state_estimation/share/state_estimation/local_setup.bash
-- Up-to-date: /media/sf_CRATER/Simulation02.04/install/state_estimation/share/state_estimation/local_setup.sh
-- Up-to-date: /media/sf_CRATER/Simulation02.04/install/state_estimation/share/state_estimation/local_setup.zsh
-- Up-to-date: /media/sf_CRATER/Simulation02.04/install/state_estimation/share/state_estimation/local_setup.dsv
-- Installing: /media/sf_CRATER/Simulation02.04/install/state_estimation/share/state_estimation/package.dsv
-- Up-to-date: /media/sf_CRATER/Simulation02.04/install/state_estimation/share/ament_index/resource_index/packages/state_estimation
-- Up-to-date: /media/sf_CRATER/Simulation02.04/install/state_estimation/share/state_estimation/cmake/state_estimationConfig.cmake
-- Up-to-date: /media/sf_CRATER/Simulation02.04/install/state_estimation/share/state_estimation/cmake/state_estimationConfig-version.cmake
-- Up-to-date: /media/sf_CRATER/Simulation02.04/install/state_estimation/share/state_estimation/package.xml
