[0.765s] Invoking command in '/media/sf_CRATER/Simulation02.04/build/state_estimation': CMAKE_PREFIX_PATH=${CMAKE_PREFIX_PATH}:/media/sf_CRATER/Simulation02.04/install/crater_aruco:/opt/ros/humble /usr/bin/cmake --build /media/sf_CRATER/Simulation02.04/build/state_estimation -- -j16 -l16
[1.302s] Invoked command in '/media/sf_CRATER/Simulation02.04/build/state_estimation' returned '0': CMAKE_PREFIX_PATH=${CMAKE_PREFIX_PATH}:/media/sf_CRATER/Simulation02.04/install/crater_aruco:/opt/ros/humble /usr/bin/cmake --build /media/sf_CRATER/Simulation02.04/build/state_estimation -- -j16 -l16
[1.368s] Invoking command in '/media/sf_CRATER/Simulation02.04/build/state_estimation': CMAKE_PREFIX_PATH=${CMAKE_PREFIX_PATH}:/media/sf_CRATER/Simulation02.04/install/crater_aruco:/opt/ros/humble /usr/bin/cmake --install /media/sf_CRATER/Simulation02.04/build/state_estimation
[1.494s] -- Install configuration: ""
[1.495s] -- Up-to-date: /media/sf_CRATER/Simulation02.04/install/state_estimation/share/state_estimation/config
[1.496s] -- Up-to-date: /media/sf_CRATER/Simulation02.04/install/state_estimation/share/state_estimation/config/ekf.yaml
[1.497s] -- Up-to-date: /media/sf_CRATER/Simulation02.04/install/state_estimation/share/state_estimation/description
[1.499s] -- Up-to-date: /media/sf_CRATER/Simulation02.04/install/state_estimation/share/state_estimation/description/rover_model.urdf
[1.500s] -- Up-to-date: /media/sf_CRATER/Simulation02.04/install/state_estimation/share/ament_index/resource_index/package_run_dependencies/state_estimation
[1.502s] -- Up-to-date: /media/sf_CRATER/Simulation02.04/install/state_estimation/share/ament_index/resource_index/parent_prefix_path/state_estimation
[1.503s] -- Up-to-date: /media/sf_CRATER/Simulation02.04/install/state_estimation/share/state_estimation/environment/ament_prefix_path.sh
[1.504s] -- Up-to-date: /media/sf_CRATER/Simulation02.04/install/state_estimation/share/state_estimation/environment/ament_prefix_path.dsv
[1.505s] -- Up-to-date: /media/sf_CRATER/Simulation02.04/install/state_estimation/share/state_estimation/environment/path.sh
[1.506s] -- Up-to-date: /media/sf_CRATER/Simulation02.04/install/state_estimation/share/state_estimation/environment/path.dsv
[1.508s] -- Up-to-date: /media/sf_CRATER/Simulation02.04/install/state_estimation/share/state_estimation/local_setup.bash
[1.510s] -- Up-to-date: /media/sf_CRATER/Simulation02.04/install/state_estimation/share/state_estimation/local_setup.sh
[1.510s] -- Up-to-date: /media/sf_CRATER/Simulation02.04/install/state_estimation/share/state_estimation/local_setup.zsh
[1.511s] -- Up-to-date: /media/sf_CRATER/Simulation02.04/install/state_estimation/share/state_estimation/local_setup.dsv
[1.512s] -- Installing: /media/sf_CRATER/Simulation02.04/install/state_estimation/share/state_estimation/package.dsv
[1.513s] -- Up-to-date: /media/sf_CRATER/Simulation02.04/install/state_estimation/share/ament_index/resource_index/packages/state_estimation
[1.514s] -- Up-to-date: /media/sf_CRATER/Simulation02.04/install/state_estimation/share/state_estimation/cmake/state_estimationConfig.cmake
[1.515s] -- Up-to-date: /media/sf_CRATER/Simulation02.04/install/state_estimation/share/state_estimation/cmake/state_estimationConfig-version.cmake
[1.516s] -- Up-to-date: /media/sf_CRATER/Simulation02.04/install/state_estimation/share/state_estimation/package.xml
[1.749s] Invoked command in '/media/sf_CRATER/Simulation02.04/build/state_estimation' returned '0': CMAKE_PREFIX_PATH=${CMAKE_PREFIX_PATH}:/media/sf_CRATER/Simulation02.04/install/crater_aruco:/opt/ros/humble /usr/bin/cmake --install /media/sf_CRATER/Simulation02.04/build/state_estimation
