-- Install configuration: ""
-- Up-to-date: /media/sf_CRATER/Simulation02.04/install/crater_description/share/crater_description/models
-- Up-to-date: /media/sf_CRATER/Simulation02.04/install/crater_description/share/crater_description/models/rover
-- Up-to-date: /media/sf_CRATER/Simulation02.04/install/crater_description/share/crater_description/models/rover/model.config
-- Up-to-date: /media/sf_CRATER/Simulation02.04/install/crater_description/share/crater_description/models/rover/model.sdf
-- Up-to-date: /media/sf_CRATER/Simulation02.04/install/crater_description/share/crater_description/models/rover/terby.sdf
-- Up-to-date: /media/sf_CRATER/Simulation02.04/install/crater_description/share/crater_description/environment/crater_description.dsv
-- Up-to-date: /media/sf_CRATER/Simulation02.04/install/crater_description/share/crater_description/environment/crater_description.sh
-- Up-to-date: /media/sf_CRATER/Simulation02.04/install/crater_description/share/ament_index/resource_index/package_run_dependencies/crater_description
-- Up-to-date: /media/sf_CRATER/Simulation02.04/install/crater_description/share/ament_index/resource_index/parent_prefix_path/crater_description
-- Up-to-date: /media/sf_CRATER/Simulation02.04/install/crater_description/share/crater_description/environment/ament_prefix_path.sh
-- Up-to-date: /media/sf_CRATER/Simulation02.04/install/crater_description/share/crater_description/environment/ament_prefix_path.dsv
-- Up-to-date: /media/sf_CRATER/Simulation02.04/install/crater_description/share/crater_description/environment/path.sh
-- Up-to-date: /media/sf_CRATER/Simulation02.04/install/crater_description/share/crater_description/environment/path.dsv
-- Up-to-date: /media/sf_CRATER/Simulation02.04/install/crater_description/share/crater_description/local_setup.bash
-- Up-to-date: /media/sf_CRATER/Simulation02.04/install/crater_description/share/crater_description/local_setup.sh
-- Up-to-date: /media/sf_CRATER/Simulation02.04/install/crater_description/share/crater_description/local_setup.zsh
-- Up-to-date: /media/sf_CRATER/Simulation02.04/install/crater_description/share/crater_description/local_setup.dsv
-- Installing: /media/sf_CRATER/Simulation02.04/install/crater_description/share/crater_description/package.dsv
-- Up-to-date: /media/sf_CRATER/Simulation02.04/install/crater_description/share/ament_index/resource_index/packages/crater_description
-- Up-to-date: /media/sf_CRATER/Simulation02.04/install/crater_description/share/crater_description/cmake/crater_descriptionConfig.cmake
-- Up-to-date: /media/sf_CRATER/Simulation02.04/install/crater_description/share/crater_description/cmake/crater_descriptionConfig-version.cmake
-- Up-to-date: /media/sf_CRATER/Simulation02.04/install/crater_description/share/crater_description/package.xml
